Archive member included to satisfy reference by file (symbol)

D:/Dev.i4N/MSYS2/ucrt64/bin/../lib/gcc/arm-none-eabi/13.3.0/thumb/v7e-m+fp/hard\libgcc.a(_aeabi_uldivmod.o)
                              cmake/stm32cubemx/CMakeFiles/STM32_Drivers.dir/__/__/Drivers/STM32F4xx_HAL_Driver/Src/stm32f4xx_hal_rcc.c.obj (__aeabi_uldivmod)
D:/Dev.i4N/MSYS2/ucrt64/bin/../lib/gcc/arm-none-eabi/13.3.0/thumb/v7e-m+fp/hard\libgcc.a(_udivmoddi4.o)
                              D:/Dev.i4N/MSYS2/ucrt64/bin/../lib/gcc/arm-none-eabi/13.3.0/thumb/v7e-m+fp/hard\libgcc.a(_aeabi_uldivmod.o) (__udivmoddi4)
D:/Dev.i4N/MSYS2/ucrt64/bin/../lib/gcc/arm-none-eabi/13.3.0/thumb/v7e-m+fp/hard\libgcc.a(_dvmd_tls.o)
                              D:/Dev.i4N/MSYS2/ucrt64/bin/../lib/gcc/arm-none-eabi/13.3.0/thumb/v7e-m+fp/hard\libgcc.a(_aeabi_uldivmod.o) (__aeabi_ldiv0)
D:/Dev.i4N/MSYS2/ucrt64/bin/../lib/gcc/arm-none-eabi/13.3.0/../../../../arm-none-eabi/lib/thumb/v7e-m+fp/hard\libg_nano.a(libc_a-atexit.o)
                              D:/Dev.i4N/MSYS2/ucrt64/bin/../lib/gcc/arm-none-eabi/13.3.0/../../../../arm-none-eabi/lib/thumb/v7e-m+fp/hard/crt0.o (atexit)
D:/Dev.i4N/MSYS2/ucrt64/bin/../lib/gcc/arm-none-eabi/13.3.0/../../../../arm-none-eabi/lib/thumb/v7e-m+fp/hard\libg_nano.a(libc_a-exit.o)
                              D:/Dev.i4N/MSYS2/ucrt64/bin/../lib/gcc/arm-none-eabi/13.3.0/../../../../arm-none-eabi/lib/thumb/v7e-m+fp/hard/crt0.o (exit)
D:/Dev.i4N/MSYS2/ucrt64/bin/../lib/gcc/arm-none-eabi/13.3.0/../../../../arm-none-eabi/lib/thumb/v7e-m+fp/hard\libg_nano.a(libc_a-nano-vfprintf_float.o)
                              (_printf_float)
D:/Dev.i4N/MSYS2/ucrt64/bin/../lib/gcc/arm-none-eabi/13.3.0/../../../../arm-none-eabi/lib/thumb/v7e-m+fp/hard\libg_nano.a(libc_a-nano-vfprintf_i.o)
                              D:/Dev.i4N/MSYS2/ucrt64/bin/../lib/gcc/arm-none-eabi/13.3.0/../../../../arm-none-eabi/lib/thumb/v7e-m+fp/hard\libg_nano.a(libc_a-nano-vfprintf_float.o) (_printf_common)
D:/Dev.i4N/MSYS2/ucrt64/bin/../lib/gcc/arm-none-eabi/13.3.0/../../../../arm-none-eabi/lib/thumb/v7e-m+fp/hard\libg_nano.a(libc_a-findfp.o)
                              D:/Dev.i4N/MSYS2/ucrt64/bin/../lib/gcc/arm-none-eabi/13.3.0/../../../../arm-none-eabi/lib/thumb/v7e-m+fp/hard\libg_nano.a(libc_a-exit.o) (__stdio_exit_handler)
D:/Dev.i4N/MSYS2/ucrt64/bin/../lib/gcc/arm-none-eabi/13.3.0/../../../../arm-none-eabi/lib/thumb/v7e-m+fp/hard\libg_nano.a(libc_a-fwalk.o)
                              D:/Dev.i4N/MSYS2/ucrt64/bin/../lib/gcc/arm-none-eabi/13.3.0/../../../../arm-none-eabi/lib/thumb/v7e-m+fp/hard\libg_nano.a(libc_a-findfp.o) (_fwalk_sglue)
D:/Dev.i4N/MSYS2/ucrt64/bin/../lib/gcc/arm-none-eabi/13.3.0/../../../../arm-none-eabi/lib/thumb/v7e-m+fp/hard\libg_nano.a(libc_a-stdio.o)
                              D:/Dev.i4N/MSYS2/ucrt64/bin/../lib/gcc/arm-none-eabi/13.3.0/../../../../arm-none-eabi/lib/thumb/v7e-m+fp/hard\libg_nano.a(libc_a-findfp.o) (__sread)
D:/Dev.i4N/MSYS2/ucrt64/bin/../lib/gcc/arm-none-eabi/13.3.0/../../../../arm-none-eabi/lib/thumb/v7e-m+fp/hard\libg_nano.a(libc_a-memset.o)
                              D:/Dev.i4N/MSYS2/ucrt64/bin/../lib/gcc/arm-none-eabi/13.3.0/../../../../arm-none-eabi/lib/thumb/v7e-m+fp/hard/crt0.o (memset)
D:/Dev.i4N/MSYS2/ucrt64/bin/../lib/gcc/arm-none-eabi/13.3.0/../../../../arm-none-eabi/lib/thumb/v7e-m+fp/hard\libg_nano.a(libc_a-localeconv.o)
                              D:/Dev.i4N/MSYS2/ucrt64/bin/../lib/gcc/arm-none-eabi/13.3.0/../../../../arm-none-eabi/lib/thumb/v7e-m+fp/hard\libg_nano.a(libc_a-nano-vfprintf_float.o) (_localeconv_r)
D:/Dev.i4N/MSYS2/ucrt64/bin/../lib/gcc/arm-none-eabi/13.3.0/../../../../arm-none-eabi/lib/thumb/v7e-m+fp/hard\libg_nano.a(libc_a-closer.o)
                              D:/Dev.i4N/MSYS2/ucrt64/bin/../lib/gcc/arm-none-eabi/13.3.0/../../../../arm-none-eabi/lib/thumb/v7e-m+fp/hard\libg_nano.a(libc_a-stdio.o) (_close_r)
D:/Dev.i4N/MSYS2/ucrt64/bin/../lib/gcc/arm-none-eabi/13.3.0/../../../../arm-none-eabi/lib/thumb/v7e-m+fp/hard\libg_nano.a(libc_a-reent.o)
                              D:/Dev.i4N/MSYS2/ucrt64/bin/../lib/gcc/arm-none-eabi/13.3.0/../../../../arm-none-eabi/lib/thumb/v7e-m+fp/hard\libg_nano.a(libc_a-closer.o) (errno)
D:/Dev.i4N/MSYS2/ucrt64/bin/../lib/gcc/arm-none-eabi/13.3.0/../../../../arm-none-eabi/lib/thumb/v7e-m+fp/hard\libg_nano.a(libc_a-impure.o)
                              D:/Dev.i4N/MSYS2/ucrt64/bin/../lib/gcc/arm-none-eabi/13.3.0/../../../../arm-none-eabi/lib/thumb/v7e-m+fp/hard\libg_nano.a(libc_a-reent.o) (_impure_ptr)
D:/Dev.i4N/MSYS2/ucrt64/bin/../lib/gcc/arm-none-eabi/13.3.0/../../../../arm-none-eabi/lib/thumb/v7e-m+fp/hard\libg_nano.a(libc_a-lseekr.o)
                              D:/Dev.i4N/MSYS2/ucrt64/bin/../lib/gcc/arm-none-eabi/13.3.0/../../../../arm-none-eabi/lib/thumb/v7e-m+fp/hard\libg_nano.a(libc_a-stdio.o) (_lseek_r)
D:/Dev.i4N/MSYS2/ucrt64/bin/../lib/gcc/arm-none-eabi/13.3.0/../../../../arm-none-eabi/lib/thumb/v7e-m+fp/hard\libg_nano.a(libc_a-readr.o)
[...]
Memory Configuration

Name             Origin             Length             Attributes
RAM              0x20000000         0x00020000         xrw
FLASH            0x08000000         0x00080000         xr
*default*        0x00000000         0xffffffff

Linker script and memory map

LOAD D:/Dev.i4N/MSYS2/ucrt64/bin/../lib/gcc/arm-none-eabi/13.3.0/thumb/v7e-m+fp/hard/crti.o
LOAD D:/Dev.i4N/MSYS2/ucrt64/bin/../lib/gcc/arm-none-eabi/13.3.0/thumb/v7e-m+fp/hard/crtbegin.o
LOAD D:/Dev.i4N/MSYS2/ucrt64/bin/../lib/gcc/arm-none-eabi/13.3.0/../../../../arm-none-eabi/lib/thumb/v7e-m+fp/hard/crt0.o
LOAD cmake/stm32cubemx/CMakeFiles/STM32_Drivers.dir/__/__/Core/Src/system_stm32f4xx.c.obj
LOAD cmake/stm32cubemx/CMakeFiles/STM32_Drivers.dir/__/__/Drivers/STM32F4xx_HAL_Driver/Src/stm32f4xx_hal_i2c.c.obj
LOAD cmake/stm32cubemx/CMakeFiles/STM32_Drivers.dir/__/__/Drivers/STM32F4xx_HAL_Driver/Src/stm32f4xx_hal_i2c_ex.c.obj
LOAD cmake/stm32cubemx/CMakeFiles/STM32_Drivers.dir/__/__/Drivers/STM32F4xx_HAL_Driver/Src/stm32f4xx_hal_rcc.c.obj
LOAD cmake/stm32cubemx/CMakeFiles/STM32_Drivers.dir/__/__/Drivers/STM32F4xx_HAL_Driver/Src/stm32f4xx_hal_rcc_ex.c.obj
LOAD cmake/stm32cubemx/CMakeFiles/STM32_Drivers.dir/__/__/Drivers/STM32F4xx_HAL_Driver/Src/stm32f4xx_hal_flash.c.obj
LOAD cmake/stm32cubemx/CMakeFiles/STM32_Drivers.dir/__/__/Drivers/STM32F4xx_HAL_Driver/Src/stm32f4xx_hal_flash_ex.c.obj
LOAD cmake/stm32cubemx/CMakeFiles/STM32_Drivers.dir/__/__/Drivers/STM32F4xx_HAL_Driver/Src/stm32f4xx_hal_flash_ramfunc.c.obj
LOAD cmake/stm32cubemx/CMakeFiles/STM32_Drivers.dir/__/__/Drivers/STM32F4xx_HAL_Driver/Src/stm32f4xx_hal_gpio.c.obj
LOAD cmake/stm32cubemx/CMakeFiles/STM32_Drivers.dir/__/__/Drivers/STM32F4xx_HAL_Driver/Src/stm32f4xx_hal_dma_ex.c.obj
LOAD cmake/stm32cubemx/CMakeFiles/STM32_Drivers.dir/__/__/Drivers/STM32F4xx_HAL_Driver/Src/stm32f4xx_hal_dma.c.obj
LOAD cmake/stm32cubemx/CMakeFiles/STM32_Drivers.dir/__/__/Drivers/STM32F4xx_HAL_Driver/Src/stm32f4xx_hal_pwr.c.obj
LOAD cmake/stm32cubemx/CMakeFiles/STM32_Drivers.dir/__/__/Drivers/STM32F4xx_HAL_Driver/Src/stm32f4xx_hal_pwr_ex.c.obj
LOAD cmake/stm32cubemx/CMakeFiles/STM32_Drivers.dir/__/__/Drivers/STM32F4xx_HAL_Driver/Src/stm32f4xx_hal_cortex.c.obj
LOAD cmake/stm32cubemx/CMakeFiles/STM32_Drivers.dir/__/__/Drivers/STM32F4xx_HAL_Driver/Src/stm32f4xx_hal.c.obj
LOAD cmake/stm32cubemx/CMakeFiles/STM32_Drivers.dir/__/__/Drivers/STM32F4xx_HAL_Driver/Src/stm32f4xx_hal_exti.c.obj
LOAD cmake/stm32cubemx/CMakeFiles/STM32_Drivers.dir/__/__/Drivers/STM32F4xx_HAL_Driver/Src/stm32f4xx_hal_spi.c.obj
LOAD cmake/stm32cubemx/CMakeFiles/STM32_Drivers.dir/__/__/Drivers/STM32F4xx_HAL_Driver/Src/stm32f4xx_hal_tim.c.obj
LOAD cmake/stm32cubemx/CMakeFiles/STM32_Drivers.dir/__/__/Drivers/STM32F4xx_HAL_Driver/Src/stm32f4xx_hal_tim_ex.c.obj
LOAD cmake/stm32cubemx/CMakeFiles/STM32_Drivers.dir/__/__/Drivers/STM32F4xx_HAL_Driver/Src/stm32f4xx_hal_uart.c.obj
LOAD CMakeFiles/HAL-DDC-F411CEU6.dir/Hardware.i4N/HAL-DDC-CORE/TIMER.cpp.obj
LOAD CMakeFiles/HAL-DDC-F411CEU6.dir/System.i4N/cppmain.cpp.obj
LOAD CMakeFiles/HAL-DDC-F411CEU6.dir/System.i4N/interrupt.cpp.obj
LOAD CMakeFiles/HAL-DDC-F411CEU6.dir/Core/Src/main.c.obj
LOAD CMakeFiles/HAL-DDC-F411CEU6.dir/Core/Src/gpio.c.obj
LOAD CMakeFiles/HAL-DDC-F411CEU6.dir/Core/Src/dma.c.obj
LOAD CMakeFiles/HAL-DDC-F411CEU6.dir/Core/Src/i2c.c.obj
LOAD CMakeFiles/HAL-DDC-F411CEU6.dir/Core/Src/spi.c.obj
LOAD CMakeFiles/HAL-DDC-F411CEU6.dir/Core/Src/tim.c.obj
LOAD CMakeFiles/HAL-DDC-F411CEU6.dir/Core/Src/usart.c.obj
LOAD CMakeFiles/HAL-DDC-F411CEU6.dir/Core/Src/stm32f4xx_it.c.obj
LOAD CMakeFiles/HAL-DDC-F411CEU6.dir/Core/Src/stm32f4xx_hal_msp.c.obj
LOAD CMakeFiles/HAL-DDC-F411CEU6.dir/Core/Src/sysmem.c.obj
LOAD CMakeFiles/HAL-DDC-F411CEU6.dir/Core/Src/syscalls.c.obj
LOAD CMakeFiles/HAL-DDC-F411CEU6.dir/startup_stm32f411xe.s.obj
LOAD D:/Dev.i4N/MSYS2/ucrt64/bin/../lib/gcc/arm-none-eabi/13.3.0/../../../../arm-none-eabi/lib/thumb/v7e-m+fp/hard\libstdc++_nano.a
LOAD D:/Dev.i4N/MSYS2/ucrt64/bin/../lib/gcc/arm-none-eabi/13.3.0/../../../../arm-none-eabi/lib/thumb/v7e-m+fp/hard\libm.a
START GROUP
LOAD D:/Dev.i4N/MSYS2/ucrt64/bin/../lib/gcc/arm-none-eabi/13.3.0/thumb/v7e-m+fp/hard\libgcc.a
LOAD D:/Dev.i4N/MSYS2/ucrt64/bin/../lib/gcc/arm-none-eabi/13.3.0/../../../../arm-none-eabi/lib/thumb/v7e-m+fp/hard\libg_nano.a
LOAD D:/Dev.i4N/MSYS2/ucrt64/bin/../lib/gcc/arm-none-eabi/13.3.0/../../../../arm-none-eabi/lib/thumb/v7e-m+fp/hard\libc_nano.a
END GROUP
START GROUP
LOAD D:/Dev.i4N/MSYS2/ucrt64/bin/../lib/gcc/arm-none-eabi/13.3.0/thumb/v7e-m+fp/hard\libgcc.a
LOAD D:/Dev.i4N/MSYS2/ucrt64/bin/../lib/gcc/arm-none-eabi/13.3.0/../../../../arm-none-eabi/lib/thumb/v7e-m+fp/hard\libc_nano.a
END GROUP
LOAD D:/Dev.i4N/MSYS2/ucrt64/bin/../lib/gcc/arm-none-eabi/13.3.0/thumb/v7e-m+fp/hard/crtend.o
LOAD D:/Dev.i4N/MSYS2/ucrt64/bin/../lib/gcc/arm-none-eabi/13.3.0/thumb/v7e-m+fp/hard/crtn.o
                0x20020000                        _estack = (ORIGIN (RAM) + LENGTH (RAM))
                0x00000200                        _Min_Heap_Size = 0x200
                0x00000400                        _Min_Stack_Size = 0x400

.isr_vector     0x08000000      0x198
                0x08000000                        . = ALIGN (0x4)
 *(.isr_vector)
 .isr_vector    0x08000000      0x198 CMakeFiles/HAL-DDC-F411CEU6.dir/startup_stm32f411xe.s.obj
                0x08000000                g_pfnVectors
                0x08000198                        . = ALIGN (0x4)

.text           0x080001c0     0x84a4
                0x080001c0                        . = ALIGN (0x4)
 *(.text)
 .text          0x080001c0       0x30 D:/Dev.i4N/MSYS2/ucrt64/bin/../lib/gcc/arm-none-eabi/13.3.0/thumb/v7e-m+fp/hard\libgcc.a(_aeabi_uldivmod.o)
                0x080001c0                __aeabi_uldivmod
 .text          0x080001f0        0x4 D:/Dev.i4N/MSYS2/ucrt64/bin/../lib/gcc/arm-none-eabi/13.3.0/thumb/v7e-m+fp/hard\libgcc.a(_dvmd_tls.o)
                0x080001f0                __aeabi_idiv0
                0x080001f0                __aeabi_ldiv0
 .text          0x080001f4      0x6b0 D:/Dev.i4N/MSYS2/ucrt64/bin/../lib/gcc/arm-none-eabi/13.3.0/../../../../arm-none-eabi/lib/thumb/v7e-m+fp/hard\libg_nano.a(libc_a-nano-vfprintf_float.o)
                0x080001f4                __cvt
                0x08000304                __exponent
                0x08000388                _printf_float
 .text          0x080008a4      0x3a8 D:/Dev.i4N/MSYS2/ucrt64/bin/../lib/gcc/arm-none-eabi/13.3.0/../../../../arm-none-eabi/lib/thumb/v7e-m+fp/hard\libg_nano.a(libc_a-nano-vfprintf_i.o)
                0x080008a4                _printf_common
                0x080009c8                _printf_i
 .text          0x08000c4c      0x2dc D:/Dev.i4N/MSYS2/ucrt64/bin/../lib/gcc/arm-none-eabi/13.3.0/../../../../arm-none-eabi/lib/thumb/v7e-m+fp/hard\libg_nano.a(libc_a-findfp.o)
                0x08000dc8                __sfp
                0x08000e88                __sinit
                0x08000ec8                __sfp_lock_acquire
                0x08000ed4                __sfp_lock_release
                0x08000ee0                __fp_lock_all
                0x08000f04                __fp_unlock_all
 .text          0x08000f28       0x44 D:/Dev.i4N/MSYS2/ucrt64/bin/../lib/gcc/arm-none-eabi/13.3.0/../../../../arm-none-eabi/lib/thumb/v7e-m+fp/hard\libg_nano.a(libc_a-fwalk.o)
                0x08000f28                _fwalk_sglue
 .text          0x08000f6c       0x94 D:/Dev.i4N/MSYS2/ucrt64/bin/../lib/gcc/arm-none-eabi/13.3.0/../../../../arm-none-eabi/lib/thumb/v7e-m+fp/hard\libg_nano.a(libc_a-stdio.o)
                0x08000f6c                __sread
                0x08000f90                __seofread
                0x08000f94                __swrite
                0x08000fd4                __sseek
                0x08000ff8                __sclose
 .text          0x08001000       0xa4 D:/Dev.i4N/MSYS2/ucrt64/bin/../lib/gcc/arm-none-eabi/13.3.0/../../../../arm-none-eabi/lib/thumb/v7e-m+fp/hard\libg_nano.a(libc_a-memset.o)
                0x08001000                memset
 .text          0x080010a4       0x14 D:/Dev.i4N/MSYS2/ucrt64/bin/../lib/gcc/arm-none-eabi/13.3.0/../../../../arm-none-eabi/lib/thumb/v7e-m+fp/hard\libg_nano.a(libc_a-localeconv.o)
                0x080010a4                __localeconv_l
                0x080010a8                _localeconv_r
                0x080010b0                localeconv
 .text          0x080010b8       0x24 D:/Dev.i4N/MSYS2/ucrt64/bin/../lib/gcc/arm-none-eabi/13.3.0/../../../../arm-none-eabi/lib/thumb/v7e-m+fp/hard\libg_nano.a(libc_a-closer.o)
                0x080010b8                _close_r
 .text          0x080010dc       0x2c D:/Dev.i4N/MSYS2/ucrt64/bin/../lib/gcc/arm-none-eabi/13.3.0/../../../../arm-none-eabi/lib/thumb/v7e-m+fp/hard\libg_nano.a(libc_a-lseekr.o)
                0x080010dc                _lseek_r
 .text          0x08001108       0x2c D:/Dev.i4N/MSYS2/ucrt64/bin/../lib/gcc/arm-none-eabi/13.3.0/../../../../arm-none-eabi/lib/thumb/v7e-m+fp/hard\libg_nano.a(libc_a-readr.o)
                0x08001108                _read_r
 .text          0x08001134       0x2c D:/Dev.i4N/MSYS2/ucrt64/bin/../lib/gcc/arm-none-eabi/13.3.0/../../../../arm-none-eabi/lib/thumb/v7e-m+fp/hard\libg_nano.a(libc_a-writer.o)
                0x08001134                _write_r
 .text          0x08001160        0xc D:/Dev.i4N/MSYS2/ucrt64/bin/../lib/gcc/arm-none-eabi/13.3.0/../../../../arm-none-eabi/lib/thumb/v7e-m+fp/hard\libg_nano.a(libc_a-errno.o)
                0x08001160                __errno
 .text          0x0800116c       0x50 D:/Dev.i4N/MSYS2/ucrt64/bin/../lib/gcc/arm-none-eabi/13.3.0/../../../../arm-none-eabi/lib/thumb/v7e-m+fp/hard\libg_nano.a(libc_a-init.o)
                0x0800116c                __libc_init_array
 .text          0x080011bc       0x28 D:/Dev.i4N/MSYS2/ucrt64/bin/../lib/gcc/arm-none-eabi/13.3.0/../../../../arm-none-eabi/lib/thumb/v7e-m+fp/hard\libg_nano.a(libc_a-lock.o)
                0x080011bc                __retarget_lock_init
                0x080011c0                __retarget_lock_init_recursive
                0x080011c4                __retarget_lock_close
                0x080011c8                __retarget_lock_close_recursive
                0x080011cc                __retarget_lock_acquire
                0x080011d0                __retarget_lock_acquire_recursive
                0x080011d4                __retarget_lock_try_acquire
                0x080011d8                __retarget_lock_try_acquire_recursive
                0x080011dc                __retarget_lock_release
                0x080011e0                __retarget_lock_release_recursive
 *fill*         0x080011e4        0xc 
 .text          0x080011f0       0xa0 D:/Dev.i4N/MSYS2/ucrt64/bin/../lib/gcc/arm-none-eabi/13.3.0/../../../../arm-none-eabi/lib/thumb/v7e-m+fp/hard\libg_nano.a(libc_a-memchr.o)
                0x080011f0                memchr
 *fill*         0x08001290       0x30 
 .text          0x080012c0       0xd8 D:/Dev.i4N/MSYS2/ucrt64/bin/../lib/gcc/arm-none-eabi/13.3.0/../../../../arm-none-eabi/lib/thumb/v7e-m+fp/hard\libg_nano.a(libc_a-strlen.o)
                0x080012c0                strlen
 .text          0x08001398      0xfdc D:/Dev.i4N/MSYS2/ucrt64/bin/../lib/gcc/arm-none-eabi/13.3.0/../../../../arm-none-eabi/lib/thumb/v7e-m+fp/hard\libg_nano.a(libc_a-dtoa.o)
                0x080014c4                _dtoa_r
 .text          0x08002374       0xbc D:/Dev.i4N/MSYS2/ucrt64/bin/../lib/gcc/arm-none-eabi/13.3.0/../../../../arm-none-eabi/lib/thumb/v7e-m+fp/hard\libg_nano.a(libc_a-freer.o)
                0x08002374                _free_r
 .text          0x08002430       0x20 D:/Dev.i4N/MSYS2/ucrt64/bin/../lib/gcc/arm-none-eabi/13.3.0/../../../../arm-none-eabi/lib/thumb/v7e-m+fp/hard\libg_nano.a(libc_a-malloc.o)
                0x08002430                malloc
                0x08002440                free
 .text          0x08002450      0x148 D:/Dev.i4N/MSYS2/ucrt64/bin/../lib/gcc/arm-none-eabi/13.3.0/../../../../arm-none-eabi/lib/thumb/v7e-m+fp/hard\libg_nano.a(libc_a-mallocr.o)
                0x08002498                _malloc_r
 .text          0x08002598       0x18 D:/Dev.i4N/MSYS2/ucrt64/bin/../lib/gcc/arm-none-eabi/13.3.0/../../../../arm-none-eabi/lib/thumb/v7e-m+fp/hard\libg_nano.a(libc_a-mlock.o)
                0x08002598                __malloc_lock
                0x080025a4                __malloc_unlock
 .text          0x080025b0      0xb10 D:/Dev.i4N/MSYS2/ucrt64/bin/../lib/gcc/arm-none-eabi/13.3.0/../../../../arm-none-eabi/lib/thumb/v7e-m+fp/hard\libg_nano.a(libc_a-mprec.o)
                0x080025b0                _Balloc
                0x08002630                _Bfree
                0x08002678                __multadd
                0x08002714                __s2b
                0x080027c8                __hi0bits
                0x0800280c                __lo0bits
                0x0800286c                __i2b
                0x08002898                __multiply
                0x08002a04                __pow5mult
                0x08002ae4                __lshift
                0x08002bcc                __mcmp
                0x08002c10                __mdiff
                0x08002d88                __ulp
                0x08002dec                __b2d
                0x08002ea8                __d2b
                0x08002f68                __ratio
                0x08002fc8                _mprec_log10
                0x08003008                __copybits
                0x08003064                __any_on
 .text          0x080030c0      0x1a4 D:/Dev.i4N/MSYS2/ucrt64/bin/../lib/gcc/arm-none-eabi/13.3.0/../../../../arm-none-eabi/lib/thumb/v7e-m+fp/hard\libg_nano.a(libc_a-fflush.o)
                0x080030c0                __sflush_r
                0x080031e4                _fflush_r
                0x0800323c                fflush
 .text          0x08003264       0x24 D:/Dev.i4N/MSYS2/ucrt64/bin/../lib/gcc/arm-none-eabi/13.3.0/../../../../arm-none-eabi/lib/thumb/v7e-m+fp/hard\libg_nano.a(libc_a-sbrkr.o)
                0x08003264                _sbrk_r
 .text          0x08003288      0x134 D:/Dev.i4N/MSYS2/ucrt64/bin/../lib/gcc/arm-none-eabi/13.3.0/../../../../arm-none-eabi/lib/thumb/v7e-m+fp/hard\libg_nano.a(libc_a-memcpy.o)
                0x08003288                memcpy
 .text          0x080033bc       0x4c D:/Dev.i4N/MSYS2/ucrt64/bin/../lib/gcc/arm-none-eabi/13.3.0/../../../../arm-none-eabi/lib/thumb/v7e-m+fp/hard\libg_nano.a(libc_a-assert.o)
                0x080033bc                __assert_func
                0x080033fc                __assert
 .text          0x08003408       0x28 D:/Dev.i4N/MSYS2/ucrt64/bin/../lib/gcc/arm-none-eabi/13.3.0/../../../../arm-none-eabi/lib/thumb/v7e-m+fp/hard\libg_nano.a(libc_a-callocr.o)
                0x08003408                _calloc_r
 .text          0x08003430       0x40 D:/Dev.i4N/MSYS2/ucrt64/bin/../lib/gcc/arm-none-eabi/13.3.0/../../../../arm-none-eabi/lib/thumb/v7e-m+fp/hard\libg_nano.a(libc_a-mbtowc_r.o)
                0x08003430                _mbtowc_r
                0x08003444                __ascii_mbtowc
 .text          0x08003470       0x30 D:/Dev.i4N/MSYS2/ucrt64/bin/../lib/gcc/arm-none-eabi/13.3.0/../../../../arm-none-eabi/lib/thumb/v7e-m+fp/hard\libg_nano.a(libc_a-wctomb_r.o)
                0x08003470                _wctomb_r
                0x08003484                __ascii_wctomb
 .text          0x080034a0       0x44 D:/Dev.i4N/MSYS2/ucrt64/bin/../lib/gcc/arm-none-eabi/13.3.0/../../../../arm-none-eabi/lib/thumb/v7e-m+fp/hard\libg_nano.a(libc_a-fprintf.o)
                0x080034a0                _fprintf_r
                0x080034a0                _fiprintf_r
                0x080034bc                fiprintf
                0x080034bc                fprintf
 .text          0x080034e4       0x10 D:/Dev.i4N/MSYS2/ucrt64/bin/../lib/gcc/arm-none-eabi/13.3.0/../../../../arm-none-eabi/lib/thumb/v7e-m+fp/hard\libg_nano.a(libc_a-abort.o)
                0x080034e4                abort
 .text          0x080034f4      0x368 D:/Dev.i4N/MSYS2/ucrt64/bin/../lib/gcc/arm-none-eabi/13.3.0/../../../../arm-none-eabi/lib/thumb/v7e-m+fp/hard\libg_nano.a(libc_a-nano-vfprintf.o)
                0x08003530                __sfputs_r
                0x08003560                __sprint_r
                0x08003580                _vfiprintf_r
                0x08003580                _vfprintf_r
                0x08003840                vfprintf
                0x08003840                vfiprintf
 .text          0x0800385c      0x300 D:/Dev.i4N/MSYS2/ucrt64/bin/../lib/gcc/arm-none-eabi/13.3.0/../../../../arm-none-eabi/lib/thumb/v7e-m+fp/hard\libg_nano.a(libc_a-fvwrite.o)
                0x0800385c                __sfvwrite_r
 .text          0x08003b5c       0xa0 D:/Dev.i4N/MSYS2/ucrt64/bin/../lib/gcc/arm-none-eabi/13.3.0/../../../../arm-none-eabi/lib/thumb/v7e-m+fp/hard\libg_nano.a(libc_a-wbuf.o)
                0x08003b5c                __swbuf_r
                0x08003be4                __swbuf
 .text          0x08003bfc       0xc4 D:/Dev.i4N/MSYS2/ucrt64/bin/../lib/gcc/arm-none-eabi/13.3.0/../../../../arm-none-eabi/lib/thumb/v7e-m+fp/hard\libg_nano.a(libc_a-wsetup.o)
                0x08003bfc                __swsetup_r
 .text          0x08003cc0      0x100 D:/Dev.i4N/MSYS2/ucrt64/bin/../lib/gcc/arm-none-eabi/13.3.0/../../../../arm-none-eabi/lib/thumb/v7e-m+fp/hard\libg_nano.a(libc_a-memmove.o)
                0x08003cc0                memmove
 .text          0x08003dc0      0x260 D:/Dev.i4N/MSYS2/ucrt64/bin/../lib/gcc/arm-none-eabi/13.3.0/../../../../arm-none-eabi/lib/thumb/v7e-m+fp/hard\libg_nano.a(libc_a-signal.o)
                0x08003dc0                _init_signal_r
                0x08003dec                _signal_r
                0x08003e38                _raise_r
                0x08003e88                __sigtramp_r
                0x08003ee8                raise
                0x08003f3c                signal
                0x08003f88                _init_signal
                0x08003fbc                __sigtramp
 .text          0x08004020       0x30 D:/Dev.i4N/MSYS2/ucrt64/bin/../lib/gcc/arm-none-eabi/13.3.0/../../../../arm-none-eabi/lib/thumb/v7e-m+fp/hard\libg_nano.a(libc_a-signalr.o)
                0x08004020                _kill_r
                0x0800404c                _getpid_r
 .text          0x08004050       0x64 D:/Dev.i4N/MSYS2/ucrt64/bin/../lib/gcc/arm-none-eabi/13.3.0/../../../../arm-none-eabi/lib/thumb/v7e-m+fp/hard\libg_nano.a(libc_a-reallocr.o)
                0x08004050                _realloc_r
 .text          0x080040b4      0x114 D:/Dev.i4N/MSYS2/ucrt64/bin/../lib/gcc/arm-none-eabi/13.3.0/../../../../arm-none-eabi/lib/thumb/v7e-m+fp/hard\libg_nano.a(libc_a-makebuf.o)
                0x080040b4                __smakebuf_r
                0x08004178                __swhatbuf_r
 .text          0x080041c8       0x2c D:/Dev.i4N/MSYS2/ucrt64/bin/../lib/gcc/arm-none-eabi/13.3.0/../../../../arm-none-eabi/lib/thumb/v7e-m+fp/hard\libg_nano.a(libc_a-fstatr.o)
                0x080041c8                _fstat_r
 .text          0x080041f4       0x24 D:/Dev.i4N/MSYS2/ucrt64/bin/../lib/gcc/arm-none-eabi/13.3.0/../../../../arm-none-eabi/lib/thumb/v7e-m+fp/hard\libg_nano.a(libc_a-isattyr.o)
                0x080041f4                _isatty_r
 .text          0x08004218       0x10 D:/Dev.i4N/MSYS2/ucrt64/bin/../lib/gcc/arm-none-eabi/13.3.0/../../../../arm-none-eabi/lib/thumb/v7e-m+fp/hard\libg_nano.a(libc_a-msizer.o)
                0x08004218                _malloc_usable_size_r
 .text          0x08004228      0x378 D:/Dev.i4N/MSYS2/ucrt64/bin/../lib/gcc/arm-none-eabi/13.3.0/thumb/v7e-m+fp/hard\libgcc.a(_arm_addsubdf3.o)
                0x08004228                __aeabi_drsub
                0x08004230                __aeabi_dsub
                0x08004230                __subdf3
                0x08004234                __aeabi_dadd
                0x08004234                __adddf3
                0x080044ac                __floatunsidf
                0x080044ac                __aeabi_ui2d
                0x080044cc                __floatsidf
                0x080044cc                __aeabi_i2d
                0x080044f0                __aeabi_f2d
                0x080044f0                __extendsfdf2
                0x08004534                __floatundidf
                0x08004534                __aeabi_ul2d
                0x08004544                __floatdidf
                0x08004544                __aeabi_l2d
 .text          0x080045a0      0x424 D:/Dev.i4N/MSYS2/ucrt64/bin/../lib/gcc/arm-none-eabi/13.3.0/thumb/v7e-m+fp/hard\libgcc.a(_arm_muldivdf3.o)
                0x080045a0                __aeabi_dmul
                0x080045a0                __muldf3
                0x080047f4                __divdf3
                0x080047f4                __aeabi_ddiv
 .text          0x080049c4      0x110 D:/Dev.i4N/MSYS2/ucrt64/bin/../lib/gcc/arm-none-eabi/13.3.0/thumb/v7e-m+fp/hard\libgcc.a(_arm_cmpdf2.o)
                0x080049c4                __gtdf2
                0x080049c4                __gedf2
                0x080049cc                __ltdf2
                0x080049cc                __ledf2
                0x080049d4                __nedf2
                0x080049d4                __eqdf2
                0x080049d4                __cmpdf2
                0x08004a50                __aeabi_cdrcmple
                0x08004a60                __aeabi_cdcmpeq
                0x08004a60                __aeabi_cdcmple
                0x08004a70                __aeabi_dcmpeq
                0x08004a84                __aeabi_dcmplt
                0x08004a98                __aeabi_dcmple
                0x08004aac                __aeabi_dcmpge
                0x08004ac0                __aeabi_dcmpgt
 .text          0x08004ad4       0x2c D:/Dev.i4N/MSYS2/ucrt64/bin/../lib/gcc/arm-none-eabi/13.3.0/thumb/v7e-m+fp/hard\libgcc.a(_arm_unorddf2.o)
                0x08004ad4                __unorddf2
                0x08004ad4                __aeabi_dcmpun
 .text          0x08004b00       0x50 D:/Dev.i4N/MSYS2/ucrt64/bin/../lib/gcc/arm-none-eabi/13.3.0/thumb/v7e-m+fp/hard\libgcc.a(_arm_fixdfsi.o)
                0x08004b00                __aeabi_d2iz
                0x08004b00                __fixdfsi
 *(.text*)
 .text.__do_global_dtors_aux
                0x08004b50       0x24 D:/Dev.i4N/MSYS2/ucrt64/bin/../lib/gcc/arm-none-eabi/13.3.0/thumb/v7e-m+fp/hard/crtbegin.o
 .text.frame_dummy
                0x08004b74       0x1c D:/Dev.i4N/MSYS2/ucrt64/bin/../lib/gcc/arm-none-eabi/13.3.0/thumb/v7e-m+fp/hard/crtbegin.o
 .text.SystemInit
                0x08004b90       0x24 cmake/stm32cubemx/CMakeFiles/STM32_Drivers.dir/__/__/Core/Src/system_stm32f4xx.c.obj
                0x08004b90                SystemInit
 .text.HAL_I2C_Init
                0x08004bb4      0x288 cmake/stm32cubemx/CMakeFiles/STM32_Drivers.dir/__/__/Drivers/STM32F4xx_HAL_Driver/Src/stm32f4xx_hal_i2c.c.obj
                0x08004bb4                HAL_I2C_Init
 .text.HAL_RCC_OscConfig
                0x08004e3c      0x4f0 cmake/stm32cubemx/CMakeFiles/STM32_Drivers.dir/__/__/Drivers/STM32F4xx_HAL_Driver/Src/stm32f4xx_hal_rcc.c.obj
                0x08004e3c                HAL_RCC_OscConfig
 .text.HAL_RCC_ClockConfig
                0x0800532c      0x1cc cmake/stm32cubemx/CMakeFiles/STM32_Drivers.dir/__/__/Drivers/STM32F4xx_HAL_Driver/Src/stm32f4xx_hal_rcc.c.obj
                0x0800532c                HAL_RCC_ClockConfig
 .text.HAL_RCC_GetSysClockFreq
                0x080054f8      0x18c cmake/stm32cubemx/CMakeFiles/STM32_Drivers.dir/__/__/Drivers/STM32F4xx_HAL_Driver/Src/stm32f4xx_hal_rcc.c.obj
                0x080054f8                HAL_RCC_GetSysClockFreq
 .text.HAL_RCC_GetHCLKFreq
                0x08005684       0x18 cmake/stm32cubemx/CMakeFiles/STM32_Drivers.dir/__/__/Drivers/STM32F4xx_HAL_Driver/Src/stm32f4xx_hal_rcc.c.obj
                0x08005684                HAL_RCC_GetHCLKFreq
 .text.HAL_RCC_GetPCLK1Freq
                0x0800569c       0x28 cmake/stm32cubemx/CMakeFiles/STM32_Drivers.dir/__/__/Drivers/STM32F4xx_HAL_Driver/Src/stm32f4xx_hal_rcc.c.obj
                0x0800569c                HAL_RCC_GetPCLK1Freq
 .text.HAL_RCC_GetPCLK2Freq
                0x080056c4       0x28 cmake/stm32cubemx/CMakeFiles/STM32_Drivers.dir/__/__/Drivers/STM32F4xx_HAL_Driver/Src/stm32f4xx_hal_rcc.c.obj
                0x080056c4                HAL_RCC_GetPCLK2Freq
 .text.HAL_GPIO_Init
                0x080056ec      0x308 cmake/stm32cubemx/CMakeFiles/STM32_Drivers.dir/__/__/Drivers/STM32F4xx_HAL_Driver/Src/stm32f4xx_hal_gpio.c.obj
                0x080056ec                HAL_GPIO_Init
 .text.HAL_GPIO_WritePin
                0x080059f4       0x32 cmake/stm32cubemx/CMakeFiles/STM32_Drivers.dir/__/__/Drivers/STM32F4xx_HAL_Driver/Src/stm32f4xx_hal_gpio.c.obj
                0x080059f4                HAL_GPIO_WritePin
 .text.HAL_GPIO_TogglePin
                0x08005a26       0x34 cmake/stm32cubemx/CMakeFiles/STM32_Drivers.dir/__/__/Drivers/STM32F4xx_HAL_Driver/Src/stm32f4xx_hal_gpio.c.obj
                0x08005a26                HAL_GPIO_TogglePin
 *fill*         0x08005a5a        0x2 
 .text.HAL_DMA_Init
                0x08005a5c      0x15c cmake/stm32cubemx/CMakeFiles/STM32_Drivers.dir/__/__/Drivers/STM32F4xx_HAL_Driver/Src/stm32f4xx_hal_dma.c.obj
                0x08005a5c                HAL_DMA_Init
 .text.HAL_DMA_IRQHandler
                0x08005bb8      0x314 cmake/stm32cubemx/CMakeFiles/STM32_Drivers.dir/__/__/Drivers/STM32F4xx_HAL_Driver/Src/stm32f4xx_hal_dma.c.obj
                0x08005bb8                HAL_DMA_IRQHandler
 .text.DMA_CalcBaseAndBitshift
                0x08005ecc       0x6c cmake/stm32cubemx/CMakeFiles/STM32_Drivers.dir/__/__/Drivers/STM32F4xx_HAL_Driver/Src/stm32f4xx_hal_dma.c.obj
 .text.DMA_CheckFifoParam
                0x08005f38       0xf8 cmake/stm32cubemx/CMakeFiles/STM32_Drivers.dir/__/__/Drivers/STM32F4xx_HAL_Driver/Src/stm32f4xx_hal_dma.c.obj
 .text.__NVIC_SetPriorityGrouping
                0x08006030       0x48 cmake/stm32cubemx/CMakeFiles/STM32_Drivers.dir/__/__/Drivers/STM32F4xx_HAL_Driver/Src/stm32f4xx_hal_cortex.c.obj
 .text.__NVIC_GetPriorityGrouping
                0x08006078       0x1c cmake/stm32cubemx/CMakeFiles/STM32_Drivers.dir/__/__/Drivers/STM32F4xx_HAL_Driver/Src/stm32f4xx_hal_cortex.c.obj
 .text.__NVIC_EnableIRQ
                0x08006094       0x3c cmake/stm32cubemx/CMakeFiles/STM32_Drivers.dir/__/__/Drivers/STM32F4xx_HAL_Driver/Src/stm32f4xx_hal_cortex.c.obj
 .text.__NVIC_SetPriority
                0x080060d0       0x54 cmake/stm32cubemx/CMakeFiles/STM32_Drivers.dir/__/__/Drivers/STM32F4xx_HAL_Driver/Src/stm32f4xx_hal_cortex.c.obj
 .text.NVIC_EncodePriority
                0x08006124       0x66 cmake/stm32cubemx/CMakeFiles/STM32_Drivers.dir/__/__/Drivers/STM32F4xx_HAL_Driver/Src/stm32f4xx_hal_cortex.c.obj
 *fill*         0x0800618a        0x2 
 .text.SysTick_Config
                0x0800618c       0x44 cmake/stm32cubemx/CMakeFiles/STM32_Drivers.dir/__/__/Drivers/STM32F4xx_HAL_Driver/Src/stm32f4xx_hal_cortex.c.obj
 .text.HAL_NVIC_SetPriorityGrouping
                0x080061d0       0x16 cmake/stm32cubemx/CMakeFiles/STM32_Drivers.dir/__/__/Drivers/STM32F4xx_HAL_Driver/Src/stm32f4xx_hal_cortex.c.obj
                0x080061d0                HAL_NVIC_SetPriorityGrouping
 .text.HAL_NVIC_SetPriority
                0x080061e6       0x38 cmake/stm32cubemx/CMakeFiles/STM32_Drivers.dir/__/__/Drivers/STM32F4xx_HAL_Driver/Src/stm32f4xx_hal_cortex.c.obj
                0x080061e6                HAL_NVIC_SetPriority
 .text.HAL_NVIC_EnableIRQ
                0x0800621e       0x1c cmake/stm32cubemx/CMakeFiles/STM32_Drivers.dir/__/__/Drivers/STM32F4xx_HAL_Driver/Src/stm32f4xx_hal_cortex.c.obj
                0x0800621e                HAL_NVIC_EnableIRQ
 .text.HAL_SYSTICK_Config
                0x0800623a       0x18 cmake/stm32cubemx/CMakeFiles/STM32_Drivers.dir/__/__/Drivers/STM32F4xx_HAL_Driver/Src/stm32f4xx_hal_cortex.c.obj
                0x0800623a                HAL_SYSTICK_Config
 *fill*         0x08006252        0x2 
 .text.HAL_Init
                0x08006254       0x44 cmake/stm32cubemx/CMakeFiles/STM32_Drivers.dir/__/__/Drivers/STM32F4xx_HAL_Driver/Src/stm32f4xx_hal.c.obj
                0x08006254                HAL_Init
 .text.HAL_InitTick
                0x08006298       0x60 cmake/stm32cubemx/CMakeFiles/STM32_Drivers.dir/__/__/Drivers/STM32F4xx_HAL_Driver/Src/stm32f4xx_hal.c.obj
                0x08006298                HAL_InitTick
 .text.HAL_IncTick
                0x080062f8       0x28 cmake/stm32cubemx/CMakeFiles/STM32_Drivers.dir/__/__/Drivers/STM32F4xx_HAL_Driver/Src/stm32f4xx_hal.c.obj
                0x080062f8                HAL_IncTick
 .text.HAL_GetTick
                0x08006320       0x18 cmake/stm32cubemx/CMakeFiles/STM32_Drivers.dir/__/__/Drivers/STM32F4xx_HAL_Driver/Src/stm32f4xx_hal.c.obj
                0x08006320                HAL_GetTick
 .text.HAL_SPI_Init
                0x08006338      0x112 cmake/stm32cubemx/CMakeFiles/STM32_Drivers.dir/__/__/Drivers/STM32F4xx_HAL_Driver/Src/stm32f4xx_hal_spi.c.obj
                0x08006338                HAL_SPI_Init
 .text.HAL_TIM_Base_Init
                0x0800644a       0x9e cmake/stm32cubemx/CMakeFiles/STM32_Drivers.dir/__/__/Drivers/STM32F4xx_HAL_Driver/Src/stm32f4xx_hal_tim.c.obj
                0x0800644a                HAL_TIM_Base_Init
 .text.HAL_TIM_Base_Start
                0x080064e8       0xb4 cmake/stm32cubemx/CMakeFiles/STM32_Drivers.dir/__/__/Drivers/STM32F4xx_HAL_Driver/Src/stm32f4xx_hal_tim.c.obj
                0x080064e8                HAL_TIM_Base_Start
 .text.HAL_TIM_Base_Start_IT
                0x0800659c       0xc4 cmake/stm32cubemx/CMakeFiles/STM32_Drivers.dir/__/__/Drivers/STM32F4xx_HAL_Driver/Src/stm32f4xx_hal_tim.c.obj
                0x0800659c                HAL_TIM_Base_Start_IT
 .text.HAL_TIM_PWM_Init
                0x08006660       0x9e cmake/stm32cubemx/CMakeFiles/STM32_Drivers.dir/__/__/Drivers/STM32F4xx_HAL_Driver/Src/stm32f4xx_hal_tim.c.obj
                0x08006660                HAL_TIM_PWM_Init
 .text.HAL_TIM_PWM_MspInit
                0x080066fe       0x14 cmake/stm32cubemx/CMakeFiles/STM32_Drivers.dir/__/__/Drivers/STM32F4xx_HAL_Driver/Src/stm32f4xx_hal_tim.c.obj
                0x080066fe                HAL_TIM_PWM_MspInit
 .text.HAL_TIM_IRQHandler
                0x08006712      0x1e0 cmake/stm32cubemx/CMakeFiles/STM32_Drivers.dir/__/__/Drivers/STM32F4xx_HAL_Driver/Src/stm32f4xx_hal_tim.c.obj
                0x08006712                HAL_TIM_IRQHandler
 *fill*         0x080068f2        0x2 
 .text.HAL_TIM_PWM_ConfigChannel
                0x080068f4      0x184 cmake/stm32cubemx/CMakeFiles/STM32_Drivers.dir/__/__/Drivers/STM32F4xx_HAL_Driver/Src/stm32f4xx_hal_tim.c.obj
                0x080068f4                HAL_TIM_PWM_ConfigChannel
 .text.HAL_TIM_ConfigClockSource
                0x08006a78      0x18e cmake/stm32cubemx/CMakeFiles/STM32_Drivers.dir/__/__/Drivers/STM32F4xx_HAL_Driver/Src/stm32f4xx_hal_tim.c.obj
                0x08006a78                HAL_TIM_ConfigClockSource
 .text.HAL_TIM_OC_DelayElapsedCallback
                0x08006c06       0x14 cmake/stm32cubemx/CMakeFiles/STM32_Drivers.dir/__/__/Drivers/STM32F4xx_HAL_Driver/Src/stm32f4xx_hal_tim.c.obj
                0x08006c06                HAL_TIM_OC_DelayElapsedCallback
 .text.HAL_TIM_IC_CaptureCallback
                0x08006c1a       0x14 cmake/stm32cubemx/CMakeFiles/STM32_Drivers.dir/__/__/Drivers/STM32F4xx_HAL_Driver/Src/stm32f4xx_hal_tim.c.obj
                0x08006c1a                HAL_TIM_IC_CaptureCallback
 .text.HAL_TIM_PWM_PulseFinishedCallback
                0x08006c2e       0x14 cmake/stm32cubemx/CMakeFiles/STM32_Drivers.dir/__/__/Drivers/STM32F4xx_HAL_Driver/Src/stm32f4xx_hal_tim.c.obj
                0x08006c2e                HAL_TIM_PWM_PulseFinishedCallback
 .text.HAL_TIM_TriggerCallback
                0x08006c42       0x14 cmake/stm32cubemx/CMakeFiles/STM32_Drivers.dir/__/__/Drivers/STM32F4xx_HAL_Driver/Src/stm32f4xx_hal_tim.c.obj
                0x08006c42                HAL_TIM_TriggerCallback
 *fill*         0x08006c56        0x2 
 .text.TIM_Base_SetConfig
                0x08006c58      0x10c cmake/stm32cubemx/CMakeFiles/STM32_Drivers.dir/__/__/Drivers/STM32F4xx_HAL_Driver/Src/stm32f4xx_hal_tim.c.obj
                0x08006c58                TIM_Base_SetConfig
 .text.TIM_OC1_SetConfig
                0x08006d64       0xcc cmake/stm32cubemx/CMakeFiles/STM32_Drivers.dir/__/__/Drivers/STM32F4xx_HAL_Driver/Src/stm32f4xx_hal_tim.c.obj
 .text.TIM_OC2_SetConfig
                0x08006e30       0xd8 cmake/stm32cubemx/CMakeFiles/STM32_Drivers.dir/__/__/Drivers/STM32F4xx_HAL_Driver/Src/stm32f4xx_hal_tim.c.obj
                0x08006e30                TIM_OC2_SetConfig
 .text.TIM_OC3_SetConfig
                0x08006f08       0xd4 cmake/stm32cubemx/CMakeFiles/STM32_Drivers.dir/__/__/Drivers/STM32F4xx_HAL_Driver/Src/stm32f4xx_hal_tim.c.obj
 .text.TIM_OC4_SetConfig
                0x08006fdc       0xa0 cmake/stm32cubemx/CMakeFiles/STM32_Drivers.dir/__/__/Drivers/STM32F4xx_HAL_Driver/Src/stm32f4xx_hal_tim.c.obj
 .text.TIM_TI1_ConfigInputStage
                0x0800707c       0x5e cmake/stm32cubemx/CMakeFiles/STM32_Drivers.dir/__/__/Drivers/STM32F4xx_HAL_Driver/Src/stm32f4xx_hal_tim.c.obj
 .text.TIM_TI2_ConfigInputStage
                0x080070da       0x60 cmake/stm32cubemx/CMakeFiles/STM32_Drivers.dir/__/__/Drivers/STM32F4xx_HAL_Driver/Src/stm32f4xx_hal_tim.c.obj
 .text.TIM_ITRx_SetConfig
                0x0800713a       0x36 cmake/stm32cubemx/CMakeFiles/STM32_Drivers.dir/__/__/Drivers/STM32F4xx_HAL_Driver/Src/stm32f4xx_hal_tim.c.obj
 .text.TIM_ETR_SetConfig
                0x08007170       0x40 cmake/stm32cubemx/CMakeFiles/STM32_Drivers.dir/__/__/Drivers/STM32F4xx_HAL_Driver/Src/stm32f4xx_hal_tim.c.obj
                0x08007170                TIM_ETR_SetConfig
 .text.HAL_TIMEx_MasterConfigSynchronization
                0x080071b0       0xdc cmake/stm32cubemx/CMakeFiles/STM32_Drivers.dir/__/__/Drivers/STM32F4xx_HAL_Driver/Src/stm32f4xx_hal_tim_ex.c.obj
                0x080071b0                HAL_TIMEx_MasterConfigSynchronization
 .text.HAL_TIMEx_CommutCallback
                0x0800728c       0x14 cmake/stm32cubemx/CMakeFiles/STM32_Drivers.dir/__/__/Drivers/STM32F4xx_HAL_Driver/Src/stm32f4xx_hal_tim_ex.c.obj
                0x0800728c                HAL_TIMEx_CommutCallback
 .text.HAL_TIMEx_BreakCallback
                0x080072a0       0x14 cmake/stm32cubemx/CMakeFiles/STM32_Drivers.dir/__/__/Drivers/STM32F4xx_HAL_Driver/Src/stm32f4xx_hal_tim_ex.c.obj
                0x080072a0                HAL_TIMEx_BreakCallback
 .text.HAL_UART_Init
                0x080072b4       0xa0 cmake/stm32cubemx/CMakeFiles/STM32_Drivers.dir/__/__/Drivers/STM32F4xx_HAL_Driver/Src/stm32f4xx_hal_uart.c.obj
                0x080072b4                HAL_UART_Init
 .text.UART_SetConfig
                0x08007354      0x4e8 cmake/stm32cubemx/CMakeFiles/STM32_Drivers.dir/__/__/Drivers/STM32F4xx_HAL_Driver/Src/stm32f4xx_hal_uart.c.obj
 .text._ZN5Timer5StartENS_4FUNCE
                0x0800783c       0x40 CMakeFiles/HAL-DDC-F411CEU6.dir/Hardware.i4N/HAL-DDC-CORE/TIMER.cpp.obj
                0x0800783c                Timer::Start(Timer::FUNC)
 .text._ZN3PinC2EP12GPIO_TypeDeft
                0x0800787c       0x28 CMakeFiles/HAL-DDC-F411CEU6.dir/System.i4N/cppmain.cpp.obj
                0x0800787c                Pin::Pin(GPIO_TypeDef*, unsigned short)
                0x0800787c                Pin::Pin(GPIO_TypeDef*, unsigned short)
 .text._ZN5TimerC2EP17TIM_HandleTypeDef
                0x080078a4       0x1e CMakeFiles/HAL-DDC-F411CEU6.dir/System.i4N/cppmain.cpp.obj
                0x080078a4                Timer::Timer(TIM_HandleTypeDef*)
                0x080078a4                Timer::Timer(TIM_HandleTypeDef*)
 *fill*         0x080078c2        0x2 
 .text.cppmain  0x080078c4       0x38 CMakeFiles/HAL-DDC-F411CEU6.dir/System.i4N/cppmain.cpp.obj
                0x080078c4                cppmain
 .text.HAL_TIM_PeriodElapsedCallback
                0x080078fc       0x4c CMakeFiles/HAL-DDC-F411CEU6.dir/System.i4N/interrupt.cpp.obj
                0x080078fc                HAL_TIM_PeriodElapsedCallback
 .text.main     0x08007948       0x30 CMakeFiles/HAL-DDC-F411CEU6.dir/Core/Src/main.c.obj
                0x08007948                main
 .text.SystemClock_Config
                0x08007978       0xd0 CMakeFiles/HAL-DDC-F411CEU6.dir/Core/Src/main.c.obj
                0x08007978                SystemClock_Config
 .text.Error_Handler
                0x08007a48        0xc CMakeFiles/HAL-DDC-F411CEU6.dir/Core/Src/main.c.obj
                0x08007a48                Error_Handler
 .text.MX_GPIO_Init
                0x08007a54       0xc0 CMakeFiles/HAL-DDC-F411CEU6.dir/Core/Src/gpio.c.obj
                0x08007a54                MX_GPIO_Init
 .text.MX_DMA_Init
                0x08007b14       0x40 CMakeFiles/HAL-DDC-F411CEU6.dir/Core/Src/dma.c.obj
                0x08007b14                MX_DMA_Init
 .text.MX_I2C1_Init
                0x08007b54       0x5c CMakeFiles/HAL-DDC-F411CEU6.dir/Core/Src/i2c.c.obj
                0x08007b54                MX_I2C1_Init
 .text.HAL_I2C_MspInit
                0x08007bb0       0x90 CMakeFiles/HAL-DDC-F411CEU6.dir/Core/Src/i2c.c.obj
                0x08007bb0                HAL_I2C_MspInit
 .text.MX_SPI1_Init
                0x08007c40       0x6c CMakeFiles/HAL-DDC-F411CEU6.dir/Core/Src/spi.c.obj
                0x08007c40                MX_SPI1_Init
 .text.HAL_SPI_MspInit
                0x08007cac       0xf4 CMakeFiles/HAL-DDC-F411CEU6.dir/Core/Src/spi.c.obj
                0x08007cac                HAL_SPI_MspInit
 .text.MX_TIM2_Init
                0x08007da0       0xec CMakeFiles/HAL-DDC-F411CEU6.dir/Core/Src/tim.c.obj
                0x08007da0                MX_TIM2_Init
 .text.MX_TIM3_Init
                0x08007e8c       0x9c CMakeFiles/HAL-DDC-F411CEU6.dir/Core/Src/tim.c.obj
                0x08007e8c                MX_TIM3_Init
 .text.HAL_TIM_Base_MspInit
                0x08007f28       0x78 CMakeFiles/HAL-DDC-F411CEU6.dir/Core/Src/tim.c.obj
                0x08007f28                HAL_TIM_Base_MspInit
 .text.HAL_TIM_MspPostInit
                0x08007fa0       0x70 CMakeFiles/HAL-DDC-F411CEU6.dir/Core/Src/tim.c.obj
                0x08007fa0                HAL_TIM_MspPostInit
 .text.MX_USART1_UART_Init
                0x08008010       0x54 CMakeFiles/HAL-DDC-F411CEU6.dir/Core/Src/usart.c.obj
                0x08008010                MX_USART1_UART_Init
 .text.HAL_UART_MspInit
                0x08008064       0x90 CMakeFiles/HAL-DDC-F411CEU6.dir/Core/Src/usart.c.obj
                0x08008064                HAL_UART_MspInit
 .text.NMI_Handler
                0x080080f4        0x8 CMakeFiles/HAL-DDC-F411CEU6.dir/Core/Src/stm32f4xx_it.c.obj
                0x080080f4                NMI_Handler
 .text.HardFault_Handler
                0x080080fc        0x8 CMakeFiles/HAL-DDC-F411CEU6.dir/Core/Src/stm32f4xx_it.c.obj
                0x080080fc                HardFault_Handler
 .text.MemManage_Handler
                0x08008104        0x8 CMakeFiles/HAL-DDC-F411CEU6.dir/Core/Src/stm32f4xx_it.c.obj
                0x08008104                MemManage_Handler
 .text.BusFault_Handler
                0x0800810c        0x8 CMakeFiles/HAL-DDC-F411CEU6.dir/Core/Src/stm32f4xx_it.c.obj
                0x0800810c                BusFault_Handler
 .text.UsageFault_Handler
                0x08008114        0x8 CMakeFiles/HAL-DDC-F411CEU6.dir/Core/Src/stm32f4xx_it.c.obj
                0x08008114                UsageFault_Handler
 .text.SVC_Handler
                0x0800811c        0xe CMakeFiles/HAL-DDC-F411CEU6.dir/Core/Src/stm32f4xx_it.c.obj
                0x0800811c                SVC_Handler
 .text.DebugMon_Handler
                0x0800812a        0xe CMakeFiles/HAL-DDC-F411CEU6.dir/Core/Src/stm32f4xx_it.c.obj
                0x0800812a                DebugMon_Handler
 .text.PendSV_Handler
                0x08008138        0xe CMakeFiles/HAL-DDC-F411CEU6.dir/Core/Src/stm32f4xx_it.c.obj
                0x08008138                PendSV_Handler
 .text.SysTick_Handler
                0x08008146        0xc CMakeFiles/HAL-DDC-F411CEU6.dir/Core/Src/stm32f4xx_it.c.obj
                0x08008146                SysTick_Handler
 *fill*         0x08008152        0x2 
 .text.TIM3_IRQHandler
                0x08008154       0x14 CMakeFiles/HAL-DDC-F411CEU6.dir/Core/Src/stm32f4xx_it.c.obj
                0x08008154                TIM3_IRQHandler
 .text.DMA2_Stream3_IRQHandler
                0x08008168       0x14 CMakeFiles/HAL-DDC-F411CEU6.dir/Core/Src/stm32f4xx_it.c.obj
                0x08008168                DMA2_Stream3_IRQHandler
 .text.HAL_MspInit
                0x0800817c       0x50 CMakeFiles/HAL-DDC-F411CEU6.dir/Core/Src/stm32f4xx_hal_msp.c.obj
                0x0800817c                HAL_MspInit
 .text._sbrk    0x080081cc       0x6c CMakeFiles/HAL-DDC-F411CEU6.dir/Core/Src/sysmem.c.obj
                0x080081cc                _sbrk
 .text._getpid  0x08008238       0x10 CMakeFiles/HAL-DDC-F411CEU6.dir/Core/Src/syscalls.c.obj
                0x08008238                _getpid
 .text._kill    0x08008248       0x20 CMakeFiles/HAL-DDC-F411CEU6.dir/Core/Src/syscalls.c.obj
                0x08008248                _kill
 .text._exit    0x08008268       0x16 CMakeFiles/HAL-DDC-F411CEU6.dir/Core/Src/syscalls.c.obj
                0x08008268                _exit
 .text._read    0x0800827e       0x3a CMakeFiles/HAL-DDC-F411CEU6.dir/Core/Src/syscalls.c.obj
                0x0800827e                _read
 .text._write   0x080082b8       0x38 CMakeFiles/HAL-DDC-F411CEU6.dir/Core/Src/syscalls.c.obj
                0x080082b8                _write
 .text._close   0x080082f0       0x18 CMakeFiles/HAL-DDC-F411CEU6.dir/Core/Src/syscalls.c.obj
                0x080082f0                _close
 .text._fstat   0x08008308       0x20 CMakeFiles/HAL-DDC-F411CEU6.dir/Core/Src/syscalls.c.obj
                0x08008308                _fstat
 .text._isatty  0x08008328       0x16 CMakeFiles/HAL-DDC-F411CEU6.dir/Core/Src/syscalls.c.obj
                0x08008328                _isatty
 .text._lseek   0x0800833e       0x1a CMakeFiles/HAL-DDC-F411CEU6.dir/Core/Src/syscalls.c.obj
                0x0800833e                _lseek
 .text.Reset_Handler
                0x08008358       0x50 CMakeFiles/HAL-DDC-F411CEU6.dir/startup_stm32f411xe.s.obj
                0x08008358                Reset_Handler
 .text.Default_Handler
                0x080083a8        0x2 CMakeFiles/HAL-DDC-F411CEU6.dir/startup_stm32f411xe.s.obj
                0x080083a8                RTC_Alarm_IRQHandler
                0x080083a8                EXTI2_IRQHandler
                0x080083a8                SPI4_IRQHandler
                0x080083a8                TIM1_CC_IRQHandler
                0x080083a8                DMA2_Stream5_IRQHandler
                0x080083a8                DMA1_Stream5_IRQHandler
                0x080083a8                PVD_IRQHandler
                0x080083a8                SDIO_IRQHandler
                0x080083a8                TAMP_STAMP_IRQHandler
                0x080083a8                EXTI3_IRQHandler
                0x080083a8                TIM1_UP_TIM10_IRQHandler
                0x080083a8                I2C3_ER_IRQHandler
                0x080083a8                EXTI0_IRQHandler
                0x080083a8                I2C2_EV_IRQHandler
                0x080083a8                DMA1_Stream2_IRQHandler
                0x080083a8                FPU_IRQHandler
                0x080083a8                DMA2_Stream2_IRQHandler
                0x080083a8                SPI1_IRQHandler
                0x080083a8                TIM1_BRK_TIM9_IRQHandler
                0x080083a8                USART6_IRQHandler
                0x080083a8                DMA2_Stream0_IRQHandler
                0x080083a8                TIM4_IRQHandler
                0x080083a8                I2C1_EV_IRQHandler
                0x080083a8                DMA1_Stream6_IRQHandler
                0x080083a8                DMA1_Stream1_IRQHandler
                0x080083a8                RCC_IRQHandler
                0x080083a8                Default_Handler
                0x080083a8                EXTI15_10_IRQHandler
                0x080083a8                ADC_IRQHandler
                0x080083a8                DMA1_Stream7_IRQHandler
                0x080083a8                SPI5_IRQHandler
                0x080083a8                TIM5_IRQHandler
                0x080083a8                DMA2_Stream7_IRQHandler
                0x080083a8                I2C3_EV_IRQHandler
                0x080083a8                EXTI9_5_IRQHandler
                0x080083a8                RTC_WKUP_IRQHandler
                0x080083a8                SPI2_IRQHandler
                0x080083a8                DMA1_Stream0_IRQHandler
                0x080083a8                EXTI4_IRQHandler
                0x080083a8                WWDG_IRQHandler
                0x080083a8                TIM2_IRQHandler
                0x080083a8                OTG_FS_WKUP_IRQHandler
                0x080083a8                TIM1_TRG_COM_TIM11_IRQHandler
                0x080083a8                EXTI1_IRQHandler
                0x080083a8                USART2_IRQHandler
                0x080083a8                I2C2_ER_IRQHandler
                0x080083a8                DMA2_Stream1_IRQHandler
                0x080083a8                FLASH_IRQHandler
                0x080083a8                DMA2_Stream4_IRQHandler
                0x080083a8                USART1_IRQHandler
                0x080083a8                OTG_FS_IRQHandler
                0x080083a8                SPI3_IRQHandler
                0x080083a8                DMA1_Stream4_IRQHandler
                0x080083a8                I2C1_ER_IRQHandler
                0x080083a8                DMA2_Stream6_IRQHandler
                0x080083a8                DMA1_Stream3_IRQHandler
 .text.__udivmoddi4
                0x080083aa      0x2a0 D:/Dev.i4N/MSYS2/ucrt64/bin/../lib/gcc/arm-none-eabi/13.3.0/thumb/v7e-m+fp/hard\libgcc.a(_udivmoddi4.o)
                0x080083aa                __udivmoddi4
 *(.glue_7)
 .glue_7        0x0800864a        0x0 linker stubs
 *(.glue_7t)
 .glue_7t       0x0800864a        0x0 linker stubs
 *(.eh_frame)
 *fill*         0x0800864a        0x2 
 .eh_frame      0x0800864c        0x0 D:/Dev.i4N/MSYS2/ucrt64/bin/../lib/gcc/arm-none-eabi/13.3.0/thumb/v7e-m+fp/hard/crtbegin.o
 *(.init)
 .init          0x0800864c        0x4 D:/Dev.i4N/MSYS2/ucrt64/bin/../lib/gcc/arm-none-eabi/13.3.0/thumb/v7e-m+fp/hard/crti.o
                0x0800864c                _init
 .init          0x08008650        0x8 D:/Dev.i4N/MSYS2/ucrt64/bin/../lib/gcc/arm-none-eabi/13.3.0/thumb/v7e-m+fp/hard/crtn.o
 *(.fini)
 .fini          0x08008658        0x4 D:/Dev.i4N/MSYS2/ucrt64/bin/../lib/gcc/arm-none-eabi/13.3.0/thumb/v7e-m+fp/hard/crti.o
                0x08008658                _fini
 .fini          0x0800865c        0x8 D:/Dev.i4N/MSYS2/ucrt64/bin/../lib/gcc/arm-none-eabi/13.3.0/thumb/v7e-m+fp/hard/crtn.o
                0x08008664                        . = ALIGN (0x4)
                0x08008664                        _etext = .

.vfp11_veneer   0x08008664        0x0
 .vfp11_veneer  0x08008664        0x0 linker stubs

.v4_bx          0x08008664        0x0
 .v4_bx         0x08008664        0x0 linker stubs

.iplt           0x08008664        0x0
 .iplt          0x08008664        0x0 D:/Dev.i4N/MSYS2/ucrt64/bin/../lib/gcc/arm-none-eabi/13.3.0/thumb/v7e-m+fp/hard/crtbegin.o

.rodata         0x08008668      0x3a0
                0x08008668                        . = ALIGN (0x4)
 *(.rodata)
 .rodata        0x08008668      0x128 D:/Dev.i4N/MSYS2/ucrt64/bin/../lib/gcc/arm-none-eabi/13.3.0/../../../../arm-none-eabi/lib/thumb/v7e-m+fp/hard\libg_nano.a(libc_a-mprec.o)
                0x08008678                __mprec_tens
                0x08008740                __mprec_tinytens
                0x08008768                __mprec_bigtens
 .rodata        0x08008790      0x101 D:/Dev.i4N/MSYS2/ucrt64/bin/../lib/gcc/arm-none-eabi/13.3.0/../../../../arm-none-eabi/lib/thumb/v7e-m+fp/hard\libg_nano.a(libc_a-ctype_.o)
                0x08008790                _ctype_
 *(.rodata*)
 *fill*         0x08008891        0x3 
 .rodata.AHBPrescTable
                0x08008894       0x10 cmake/stm32cubemx/CMakeFiles/STM32_Drivers.dir/__/__/Core/Src/system_stm32f4xx.c.obj
                0x08008894                AHBPrescTable
 .rodata.APBPrescTable
                0x080088a4        0x8 cmake/stm32cubemx/CMakeFiles/STM32_Drivers.dir/__/__/Core/Src/system_stm32f4xx.c.obj
                0x080088a4                APBPrescTable
 .rodata.flagBitshiftOffset.0
                0x080088ac        0x8 cmake/stm32cubemx/CMakeFiles/STM32_Drivers.dir/__/__/Drivers/STM32F4xx_HAL_Driver/Src/stm32f4xx_hal_dma.c.obj
 .rodata.str1.4
                0x080088b4      0x153 D:/Dev.i4N/MSYS2/ucrt64/bin/../lib/gcc/arm-none-eabi/13.3.0/../../../../arm-none-eabi/lib/thumb/v7e-m+fp/hard\libg_nano.a(libc_a-nano-vfprintf_float.o)
                                 0x12 (size before relaxing)
 .rodata.str1.4
                0x08008a07        0x0 D:/Dev.i4N/MSYS2/ucrt64/bin/../lib/gcc/arm-none-eabi/13.3.0/../../../../arm-none-eabi/lib/thumb/v7e-m+fp/hard\libg_nano.a(libc_a-nano-vfprintf_i.o)
                                 0x25 (size before relaxing)
 .rodata.str1.4
                0x08008a07        0x0 D:/Dev.i4N/MSYS2/ucrt64/bin/../lib/gcc/arm-none-eabi/13.3.0/../../../../arm-none-eabi/lib/thumb/v7e-m+fp/hard\libg_nano.a(libc_a-dtoa.o)
                                 0x79 (size before relaxing)
 .rodata.str1.4
                0x08008a07        0x0 D:/Dev.i4N/MSYS2/ucrt64/bin/../lib/gcc/arm-none-eabi/13.3.0/../../../../arm-none-eabi/lib/thumb/v7e-m+fp/hard\libg_nano.a(libc_a-mprec.o)
                                 0x65 (size before relaxing)
 .rodata.str1.4
                0x08008a07        0x0 D:/Dev.i4N/MSYS2/ucrt64/bin/../lib/gcc/arm-none-eabi/13.3.0/../../../../arm-none-eabi/lib/thumb/v7e-m+fp/hard\libg_nano.a(libc_a-locale.o)
                                 0x12 (size before relaxing)
 .rodata.str1.4
                0x08008a07        0x0 D:/Dev.i4N/MSYS2/ucrt64/bin/../lib/gcc/arm-none-eabi/13.3.0/../../../../arm-none-eabi/lib/thumb/v7e-m+fp/hard\libg_nano.a(libc_a-assert.o)
                                 0x43 (size before relaxing)
 .rodata.str1.4
                0x08008a07        0x0 D:/Dev.i4N/MSYS2/ucrt64/bin/../lib/gcc/arm-none-eabi/13.3.0/../../../../arm-none-eabi/lib/thumb/v7e-m+fp/hard\libg_nano.a(libc_a-nano-vfprintf.o)
                                 0x13 (size before relaxing)
                0x08008a08                        . = ALIGN (0x4)
 *fill*         0x08008a07        0x1 

.ARM.extab      0x08008a08        0x0
                0x08008a08                        . = ALIGN (0x4)
 *(.ARM.extab* .gnu.linkonce.armextab.*)
                0x08008a08                        . = ALIGN (0x4)

.ARM            0x08008a08        0x8
                0x08008a08                        . = ALIGN (0x4)
                0x08008a08                        __exidx_start = .
 *(.ARM.exidx*)
 .ARM.exidx     0x08008a08        0x8 D:/Dev.i4N/MSYS2/ucrt64/bin/../lib/gcc/arm-none-eabi/13.3.0/../../../../arm-none-eabi/lib/thumb/v7e-m+fp/hard\libg_nano.a(libc_a-memchr.o)
 .ARM.exidx     0x08008a10        0x0 D:/Dev.i4N/MSYS2/ucrt64/bin/../lib/gcc/arm-none-eabi/13.3.0/../../../../arm-none-eabi/lib/thumb/v7e-m+fp/hard\libg_nano.a(libc_a-strlen.o)
                                  0x8 (size before relaxing)
 .ARM.exidx     0x08008a10        0x0 D:/Dev.i4N/MSYS2/ucrt64/bin/../lib/gcc/arm-none-eabi/13.3.0/../../../../arm-none-eabi/lib/thumb/v7e-m+fp/hard\libg_nano.a(libc_a-memcpy.o)
                                  0x8 (size before relaxing)
 .ARM.exidx.text.__udivmoddi4
                0x08008a10        0x0 D:/Dev.i4N/MSYS2/ucrt64/bin/../lib/gcc/arm-none-eabi/13.3.0/thumb/v7e-m+fp/hard\libgcc.a(_udivmoddi4.o)
                                  0x8 (size before relaxing)
                0x08008a10                        __exidx_end = .
                0x08008a10                        . = ALIGN (0x4)

.preinit_array  0x08008a10        0x0
                0x08008a10                        . = ALIGN (0x4)
                0x08008a10                        PROVIDE (__preinit_array_start = .)
 *(.preinit_array*)
                0x08008a10                        PROVIDE (__preinit_array_end = .)
                0x08008a10                        . = ALIGN (0x4)

.init_array     0x08008a10        0x4
                0x08008a10                        . = ALIGN (0x4)
                0x08008a10                        PROVIDE (__init_array_start = .)
 *(SORT_BY_NAME(.init_array.*))
 *(.init_array*)
 .init_array    0x08008a10        0x4 D:/Dev.i4N/MSYS2/ucrt64/bin/../lib/gcc/arm-none-eabi/13.3.0/thumb/v7e-m+fp/hard/crtbegin.o
                0x08008a14                        PROVIDE (__init_array_end = .)
                0x08008a14                        . = ALIGN (0x4)

.fini_array     0x08008a14        0x4
                0x08008a14                        . = ALIGN (0x4)
                0x08008a14                        PROVIDE (__fini_array_start = .)
 *(SORT_BY_NAME(.fini_array.*))
 *(.fini_array*)
 .fini_array    0x08008a14        0x4 D:/Dev.i4N/MSYS2/ucrt64/bin/../lib/gcc/arm-none-eabi/13.3.0/thumb/v7e-m+fp/hard/crtbegin.o
                0x08008a18                        PROVIDE (__fini_array_end = .)
                0x08008a18                        . = ALIGN (0x4)
                0x08008a18                        _sidata = LOADADDR (.data)

.rel.dyn        0x08008a18        0x0
 .rel.iplt      0x08008a18        0x0 D:/Dev.i4N/MSYS2/ucrt64/bin/../lib/gcc/arm-none-eabi/13.3.0/thumb/v7e-m+fp/hard/crtbegin.o

.data           0x20000000      0x1d4 load address 0x08008a18
                0x20000000                        . = ALIGN (0x4)
                0x20000000                        _sdata = .
 *(.data)
 .data          0x20000000        0xc D:/Dev.i4N/MSYS2/ucrt64/bin/../lib/gcc/arm-none-eabi/13.3.0/../../../../arm-none-eabi/lib/thumb/v7e-m+fp/hard\libg_nano.a(libc_a-findfp.o)
                0x20000000                __sglue
 .data          0x2000000c       0x50 D:/Dev.i4N/MSYS2/ucrt64/bin/../lib/gcc/arm-none-eabi/13.3.0/../../../../arm-none-eabi/lib/thumb/v7e-m+fp/hard\libg_nano.a(libc_a-impure.o)
                0x2000000c                _impure_ptr
                0x20000010                _impure_data
 .data          0x2000005c      0x16c D:/Dev.i4N/MSYS2/ucrt64/bin/../lib/gcc/arm-none-eabi/13.3.0/../../../../arm-none-eabi/lib/thumb/v7e-m+fp/hard\libg_nano.a(libc_a-locale.o)
                0x2000005c                __global_locale
 *(.data*)
 .data.SystemCoreClock
                0x200001c8        0x4 cmake/stm32cubemx/CMakeFiles/STM32_Drivers.dir/__/__/Core/Src/system_stm32f4xx.c.obj
                0x200001c8                SystemCoreClock
 .data.uwTickPrio
                0x200001cc        0x4 cmake/stm32cubemx/CMakeFiles/STM32_Drivers.dir/__/__/Drivers/STM32F4xx_HAL_Driver/Src/stm32f4xx_hal.c.obj
                0x200001cc                uwTickPrio
 .data.uwTickFreq
                0x200001d0        0x1 cmake/stm32cubemx/CMakeFiles/STM32_Drivers.dir/__/__/Drivers/STM32F4xx_HAL_Driver/Src/stm32f4xx_hal.c.obj
                0x200001d0                uwTickFreq
 *(.RamFunc)
 *(.RamFunc*)
                0x200001d4                        . = ALIGN (0x4)
 *fill*         0x200001d1        0x3 

.igot.plt       0x200001d4        0x0 load address 0x08008bec
 .igot.plt      0x200001d4        0x0 D:/Dev.i4N/MSYS2/ucrt64/bin/../lib/gcc/arm-none-eabi/13.3.0/thumb/v7e-m+fp/hard/crtbegin.o

.tdata          0x200001d4        0x0 load address 0x08008bec
 *(.tdata .tdata.* .gnu.linkonce.td.*)
                0x200001d4                        . = ALIGN (0x4)
                0x200001d4                        _edata = .
                [!provide]                        PROVIDE (__data_end = .)
                [!provide]                        PROVIDE (__tdata_end = .)
                [!provide]                        PROVIDE (__tdata_start = ADDR (.tdata))
                [!provide]                        PROVIDE (__tdata_size = (__tdata_end - __tdata_start))
                [!provide]                        PROVIDE (__data_start = ADDR (.data))
                [!provide]                        PROVIDE (__data_size = (__data_end - __data_start))
                [!provide]                        PROVIDE (__tdata_source = LOADADDR (.tdata))
                [!provide]                        PROVIDE (__tdata_source_end = (LOADADDR (.tdata) + SIZEOF (.tdata)))
                [!provide]                        PROVIDE (__tdata_source_size = (__tdata_source_end - __tdata_source))
                [!provide]                        PROVIDE (__data_source = LOADADDR (.data))
                [!provide]                        PROVIDE (__data_source_end = __tdata_source_end)
                [!provide]                        PROVIDE (__data_source_size = (__data_source_end - __data_source))

.tbss           0x200001d4        0x0 load address 0x08008bec
                0x200001d4                        _sbss = .
                0x200001d4                        __bss_start__ = _sbss
 *(.tbss .tbss.*)
                0x200001d4                        . = ALIGN (0x4)
                [!provide]                        PROVIDE (__tbss_end = .)
                [!provide]                        PROVIDE (__tbss_start = ADDR (.tbss))
                [!provide]                        PROVIDE (__tbss_size = (__tbss_end - __tbss_start))
                [!provide]                        PROVIDE (__tbss_offset = (ADDR (.tbss) - ADDR (.tdata)))
                [!provide]                        PROVIDE (__tls_base = __tdata_start)
                [!provide]                        PROVIDE (__tls_end = __tbss_end)
                [!provide]                        PROVIDE (__tls_size = (__tls_end - __tls_base))
                [!provide]                        PROVIDE (__tls_align = MAX (ALIGNOF (.tdata), ALIGNOF (.tbss)))
                [!provide]                        PROVIDE (__tls_size_align = (((__tls_size + __tls_align) - 0x1) & ~ ((__tls_align - 0x1))))
                [!provide]                        PROVIDE (__arm32_tls_tcb_offset = MAX (0x8, __tls_align))
                [!provide]                        PROVIDE (__arm64_tls_tcb_offset = MAX (0x10, __tls_align))

.bss            0x200001d4      0x374 load address 0x08008bec
 *(.bss)
 .bss           0x200001d4      0x13c D:/Dev.i4N/MSYS2/ucrt64/bin/../lib/gcc/arm-none-eabi/13.3.0/../../../../arm-none-eabi/lib/thumb/v7e-m+fp/hard\libg_nano.a(libc_a-findfp.o)
                0x200001d4                __sf
                0x2000030c                __stdio_exit_handler
 .bss           0x20000310        0x4 D:/Dev.i4N/MSYS2/ucrt64/bin/../lib/gcc/arm-none-eabi/13.3.0/../../../../arm-none-eabi/lib/thumb/v7e-m+fp/hard\libg_nano.a(libc_a-reent.o)
                0x20000310                errno
 .bss           0x20000314       0x1d D:/Dev.i4N/MSYS2/ucrt64/bin/../lib/gcc/arm-none-eabi/13.3.0/../../../../arm-none-eabi/lib/thumb/v7e-m+fp/hard\libg_nano.a(libc_a-lock.o)
                0x20000314                __lock___arc4random_mutex
                0x20000318                __lock___dd_hash_mutex
                0x2000031c                __lock___tz_mutex
                0x20000320                __lock___env_recursive_mutex
                0x20000324                __lock___malloc_recursive_mutex
                0x20000328                __lock___at_quick_exit_mutex
                0x2000032c                __lock___atexit_recursive_mutex
                0x20000330                __lock___sfp_recursive_mutex
 *fill*         0x20000331        0x3 
 .bss           0x20000334        0x8 D:/Dev.i4N/MSYS2/ucrt64/bin/../lib/gcc/arm-none-eabi/13.3.0/../../../../arm-none-eabi/lib/thumb/v7e-m+fp/hard\libg_nano.a(libc_a-mallocr.o)
                0x20000334                __malloc_sbrk_start
                0x20000338                __malloc_free_list
 *(.bss*)
 .bss.completed.1
                0x2000033c        0x1 D:/Dev.i4N/MSYS2/ucrt64/bin/../lib/gcc/arm-none-eabi/13.3.0/thumb/v7e-m+fp/hard/crtbegin.o
 *fill*         0x2000033d        0x3 
 .bss.object.0  0x20000340       0x18 D:/Dev.i4N/MSYS2/ucrt64/bin/../lib/gcc/arm-none-eabi/13.3.0/thumb/v7e-m+fp/hard/crtbegin.o
 .bss.uwTick    0x20000358        0x4 cmake/stm32cubemx/CMakeFiles/STM32_Drivers.dir/__/__/Drivers/STM32F4xx_HAL_Driver/Src/stm32f4xx_hal.c.obj
                0x20000358                uwTick
 .bss._ZZ29HAL_TIM_PeriodElapsedCallbackE5count
                0x2000035c        0x4 CMakeFiles/HAL-DDC-F411CEU6.dir/System.i4N/interrupt.cpp.obj
 .bss.hi2c1     0x20000360       0x54 CMakeFiles/HAL-DDC-F411CEU6.dir/Core/Src/i2c.c.obj
                0x20000360                hi2c1
 .bss.hspi1     0x200003b4       0x58 CMakeFiles/HAL-DDC-F411CEU6.dir/Core/Src/spi.c.obj
                0x200003b4                hspi1
 .bss.hdma_spi1_tx
                0x2000040c       0x60 CMakeFiles/HAL-DDC-F411CEU6.dir/Core/Src/spi.c.obj
                0x2000040c                hdma_spi1_tx
 .bss.htim2     0x2000046c       0x48 CMakeFiles/HAL-DDC-F411CEU6.dir/Core/Src/tim.c.obj
                0x2000046c                htim2
 .bss.htim3     0x200004b4       0x48 CMakeFiles/HAL-DDC-F411CEU6.dir/Core/Src/tim.c.obj
                0x200004b4                htim3
 .bss.huart1    0x200004fc       0x48 CMakeFiles/HAL-DDC-F411CEU6.dir/Core/Src/usart.c.obj
                0x200004fc                huart1
 .bss.__sbrk_heap_end
                0x20000544        0x4 CMakeFiles/HAL-DDC-F411CEU6.dir/Core/Src/sysmem.c.obj
 *(COMMON)
                0x20000548                        . = ALIGN (0x4)
                0x20000548                        _ebss = .
                0x20000548                        __bss_end__ = _ebss
                [!provide]                        PROVIDE (__bss_end = .)
                [!provide]                        PROVIDE (__non_tls_bss_start = ADDR (.bss))
                [!provide]                        PROVIDE (__bss_start = __tbss_start)
                [!provide]                        PROVIDE (__bss_size = (__bss_end - __bss_start))

._user_heap_stack
                0x20000548      0x600 load address 0x08008bec
                0x20000548                        . = ALIGN (0x8)
                [!provide]                        PROVIDE (end = .)
                0x20000548                        PROVIDE (_end = .)
                0x20000748                        . = (. + _Min_Heap_Size)
 *fill*         0x20000548      0x200 
                0x20000b48                        . = (. + _Min_Stack_Size)
 *fill*         0x20000748      0x400 
                0x20000b48                        . = ALIGN (0x8)

/DISCARD/
 libc.a:*(*)
 libm.a:*(*)
 libgcc.a:*(*)
OUTPUT(HAL-DDC-F411CEU6.elf elf32-littlearm)
LOAD linker stubs

.ARM.attributes
                0x00000000       0x30
 .ARM.attributes
                0x00000000       0x22 D:/Dev.i4N/MSYS2/ucrt64/bin/../lib/gcc/arm-none-eabi/13.3.0/thumb/v7e-m+fp/hard/crti.o
 .ARM.attributes
                0x00000022       0x34 D:/Dev.i4N/MSYS2/ucrt64/bin/../lib/gcc/arm-none-eabi/13.3.0/thumb/v7e-m+fp/hard/crtbegin.o
 .ARM.attributes
                0x00000056       0x34 cmake/stm32cubemx/CMakeFiles/STM32_Drivers.dir/__/__/Core/Src/system_stm32f4xx.c.obj
 .ARM.attributes
                0x0000008a       0x34 cmake/stm32cubemx/CMakeFiles/STM32_Drivers.dir/__/__/Drivers/STM32F4xx_HAL_Driver/Src/stm32f4xx_hal_i2c.c.obj
 .ARM.attributes
                0x000000be       0x34 cmake/stm32cubemx/CMakeFiles/STM32_Drivers.dir/__/__/Drivers/STM32F4xx_HAL_Driver/Src/stm32f4xx_hal_rcc.c.obj
 .ARM.attributes
                0x000000f2       0x34 cmake/stm32cubemx/CMakeFiles/STM32_Drivers.dir/__/__/Drivers/STM32F4xx_HAL_Driver/Src/stm32f4xx_hal_gpio.c.obj
 .ARM.attributes
                0x00000126       0x34 cmake/stm32cubemx/CMakeFiles/STM32_Drivers.dir/__/__/Drivers/STM32F4xx_HAL_Driver/Src/stm32f4xx_hal_dma.c.obj
 .ARM.attributes
                0x0000015a       0x34 cmake/stm32cubemx/CMakeFiles/STM32_Drivers.dir/__/__/Drivers/STM32F4xx_HAL_Driver/Src/stm32f4xx_hal_cortex.c.obj
 .ARM.attributes
                0x0000018e       0x34 cmake/stm32cubemx/CMakeFiles/STM32_Drivers.dir/__/__/Drivers/STM32F4xx_HAL_Driver/Src/stm32f4xx_hal.c.obj
 .ARM.attributes
                0x000001c2       0x34 cmake/stm32cubemx/CMakeFiles/STM32_Drivers.dir/__/__/Drivers/STM32F4xx_HAL_Driver/Src/stm32f4xx_hal_spi.c.obj
 .ARM.attributes
                0x000001f6       0x34 cmake/stm32cubemx/CMakeFiles/STM32_Drivers.dir/__/__/Drivers/STM32F4xx_HAL_Driver/Src/stm32f4xx_hal_tim.c.obj
 .ARM.attributes
                0x0000022a       0x34 cmake/stm32cubemx/CMakeFiles/STM32_Drivers.dir/__/__/Drivers/STM32F4xx_HAL_Driver/Src/stm32f4xx_hal_tim_ex.c.obj
 .ARM.attributes
                0x0000025e       0x34 cmake/stm32cubemx/CMakeFiles/STM32_Drivers.dir/__/__/Drivers/STM32F4xx_HAL_Driver/Src/stm32f4xx_hal_uart.c.obj
 .ARM.attributes
                0x00000292       0x34 CMakeFiles/HAL-DDC-F411CEU6.dir/Hardware.i4N/HAL-DDC-CORE/TIMER.cpp.obj
 .ARM.attributes
                0x000002c6       0x34 CMakeFiles/HAL-DDC-F411CEU6.dir/System.i4N/cppmain.cpp.obj
 .ARM.attributes
                0x000002fa       0x34 CMakeFiles/HAL-DDC-F411CEU6.dir/System.i4N/interrupt.cpp.obj
 .ARM.attributes
                0x0000032e       0x34 CMakeFiles/HAL-DDC-F411CEU6.dir/Core/Src/main.c.obj
 .ARM.attributes
                0x00000362       0x34 CMakeFiles/HAL-DDC-F411CEU6.dir/Core/Src/gpio.c.obj
 .ARM.attributes
                0x00000396       0x34 CMakeFiles/HAL-DDC-F411CEU6.dir/Core/Src/dma.c.obj
 .ARM.attributes
                0x000003ca       0x34 CMakeFiles/HAL-DDC-F411CEU6.dir/Core/Src/i2c.c.obj
 .ARM.attributes
                0x000003fe       0x34 CMakeFiles/HAL-DDC-F411CEU6.dir/Core/Src/spi.c.obj
 .ARM.attributes
                0x00000432       0x34 CMakeFiles/HAL-DDC-F411CEU6.dir/Core/Src/tim.c.obj
 .ARM.attributes
                0x00000466       0x34 CMakeFiles/HAL-DDC-F411CEU6.dir/Core/Src/usart.c.obj
 .ARM.attributes
                0x0000049a       0x34 CMakeFiles/HAL-DDC-F411CEU6.dir/Core/Src/stm32f4xx_it.c.obj
 .ARM.attributes
                0x000004ce       0x34 CMakeFiles/HAL-DDC-F411CEU6.dir/Core/Src/stm32f4xx_hal_msp.c.obj
 .ARM.attributes
                0x00000502       0x34 CMakeFiles/HAL-DDC-F411CEU6.dir/Core/Src/sysmem.c.obj
 .ARM.attributes
                0x00000536       0x34 CMakeFiles/HAL-DDC-F411CEU6.dir/Core/Src/syscalls.c.obj
 .ARM.attributes
                0x0000056a       0x21 CMakeFiles/HAL-DDC-F411CEU6.dir/startup_stm32f411xe.s.obj
 .ARM.attributes
                0x0000058b       0x22 D:/Dev.i4N/MSYS2/ucrt64/bin/../lib/gcc/arm-none-eabi/13.3.0/thumb/v7e-m+fp/hard\libgcc.a(_aeabi_uldivmod.o)
 .ARM.attributes
                0x000005ad       0x34 D:/Dev.i4N/MSYS2/ucrt64/bin/../lib/gcc/arm-none-eabi/13.3.0/thumb/v7e-m+fp/hard\libgcc.a(_udivmoddi4.o)
 .ARM.attributes
                0x000005e1       0x22 D:/Dev.i4N/MSYS2/ucrt64/bin/../lib/gcc/arm-none-eabi/13.3.0/thumb/v7e-m+fp/hard\libgcc.a(_dvmd_tls.o)
 .ARM.attributes
                0x00000603       0x34 D:/Dev.i4N/MSYS2/ucrt64/bin/../lib/gcc/arm-none-eabi/13.3.0/../../../../arm-none-eabi/lib/thumb/v7e-m+fp/hard\libg_nano.a(libc_a-nano-vfprintf_float.o)
 .ARM.attributes
                0x00000637       0x34 D:/Dev.i4N/MSYS2/ucrt64/bin/../lib/gcc/arm-none-eabi/13.3.0/../../../../arm-none-eabi/lib/thumb/v7e-m+fp/hard\libg_nano.a(libc_a-nano-vfprintf_i.o)
 .ARM.attributes
                0x0000066b       0x34 D:/Dev.i4N/MSYS2/ucrt64/bin/../lib/gcc/arm-none-eabi/13.3.0/../../../../arm-none-eabi/lib/thumb/v7e-m+fp/hard\libg_nano.a(libc_a-findfp.o)
 .ARM.attributes
                0x0000069f       0x34 D:/Dev.i4N/MSYS2/ucrt64/bin/../lib/gcc/arm-none-eabi/13.3.0/../../../../arm-none-eabi/lib/thumb/v7e-m+fp/hard\libg_nano.a(libc_a-fwalk.o)
 .ARM.attributes
                0x000006d3       0x34 D:/Dev.i4N/MSYS2/ucrt64/bin/../lib/gcc/arm-none-eabi/13.3.0/../../../../arm-none-eabi/lib/thumb/v7e-m+fp/hard\libg_nano.a(libc_a-stdio.o)
 .ARM.attributes
                0x00000707       0x34 D:/Dev.i4N/MSYS2/ucrt64/bin/../lib/gcc/arm-none-eabi/13.3.0/../../../../arm-none-eabi/lib/thumb/v7e-m+fp/hard\libg_nano.a(libc_a-memset.o)
 .ARM.attributes
                0x0000073b       0x34 D:/Dev.i4N/MSYS2/ucrt64/bin/../lib/gcc/arm-none-eabi/13.3.0/../../../../arm-none-eabi/lib/thumb/v7e-m+fp/hard\libg_nano.a(libc_a-localeconv.o)
 .ARM.attributes
                0x0000076f       0x34 D:/Dev.i4N/MSYS2/ucrt64/bin/../lib/gcc/arm-none-eabi/13.3.0/../../../../arm-none-eabi/lib/thumb/v7e-m+fp/hard\libg_nano.a(libc_a-closer.o)
 .ARM.attributes
                0x000007a3       0x34 D:/Dev.i4N/MSYS2/ucrt64/bin/../lib/gcc/arm-none-eabi/13.3.0/../../../../arm-none-eabi/lib/thumb/v7e-m+fp/hard\libg_nano.a(libc_a-reent.o)
 .ARM.attributes
                0x000007d7       0x34 D:/Dev.i4N/MSYS2/ucrt64/bin/../lib/gcc/arm-none-eabi/13.3.0/../../../../arm-none-eabi/lib/thumb/v7e-m+fp/hard\libg_nano.a(libc_a-impure.o)
 .ARM.attributes
                0x0000080b       0x34 D:/Dev.i4N/MSYS2/ucrt64/bin/../lib/gcc/arm-none-eabi/13.3.0/../../../../arm-none-eabi/lib/thumb/v7e-m+fp/hard\libg_nano.a(libc_a-lseekr.o)
 .ARM.attributes
                0x0000083f       0x34 D:/Dev.i4N/MSYS2/ucrt64/bin/../lib/gcc/arm-none-eabi/13.3.0/../../../../arm-none-eabi/lib/thumb/v7e-m+fp/hard\libg_nano.a(libc_a-readr.o)
 .ARM.attributes
                0x00000873       0x34 D:/Dev.i4N/MSYS2/ucrt64/bin/../lib/gcc/arm-none-eabi/13.3.0/../../../../arm-none-eabi/lib/thumb/v7e-m+fp/hard\libg_nano.a(libc_a-writer.o)
 .ARM.attributes
                0x000008a7       0x34 D:/Dev.i4N/MSYS2/ucrt64/bin/../lib/gcc/arm-none-eabi/13.3.0/../../../../arm-none-eabi/lib/thumb/v7e-m+fp/hard\libg_nano.a(libc_a-errno.o)
 .ARM.attributes
                0x000008db       0x34 D:/Dev.i4N/MSYS2/ucrt64/bin/../lib/gcc/arm-none-eabi/13.3.0/../../../../arm-none-eabi/lib/thumb/v7e-m+fp/hard\libg_nano.a(libc_a-init.o)
 .ARM.attributes
                0x0000090f       0x34 D:/Dev.i4N/MSYS2/ucrt64/bin/../lib/gcc/arm-none-eabi/13.3.0/../../../../arm-none-eabi/lib/thumb/v7e-m+fp/hard\libg_nano.a(libc_a-lock.o)
 .ARM.attributes
                0x00000943       0x1c D:/Dev.i4N/MSYS2/ucrt64/bin/../lib/gcc/arm-none-eabi/13.3.0/../../../../arm-none-eabi/lib/thumb/v7e-m+fp/hard\libg_nano.a(libc_a-memchr.o)
 .ARM.attributes
                0x0000095f       0x1c D:/Dev.i4N/MSYS2/ucrt64/bin/../lib/gcc/arm-none-eabi/13.3.0/../../../../arm-none-eabi/lib/thumb/v7e-m+fp/hard\libg_nano.a(libc_a-strlen.o)
 .ARM.attributes
                0x0000097b       0x34 D:/Dev.i4N/MSYS2/ucrt64/bin/../lib/gcc/arm-none-eabi/13.3.0/../../../../arm-none-eabi/lib/thumb/v7e-m+fp/hard\libg_nano.a(libc_a-dtoa.o)
 .ARM.attributes
                0x000009af       0x34 D:/Dev.i4N/MSYS2/ucrt64/bin/../lib/gcc/arm-none-eabi/13.3.0/../../../../arm-none-eabi/lib/thumb/v7e-m+fp/hard\libg_nano.a(libc_a-freer.o)
 .ARM.attributes
                0x000009e3       0x34 D:/Dev.i4N/MSYS2/ucrt64/bin/../lib/gcc/arm-none-eabi/13.3.0/../../../../arm-none-eabi/lib/thumb/v7e-m+fp/hard\libg_nano.a(libc_a-malloc.o)
 .ARM.attributes
                0x00000a17       0x34 D:/Dev.i4N/MSYS2/ucrt64/bin/../lib/gcc/arm-none-eabi/13.3.0/../../../../arm-none-eabi/lib/thumb/v7e-m+fp/hard\libg_nano.a(libc_a-mallocr.o)
 .ARM.attributes
                0x00000a4b       0x34 D:/Dev.i4N/MSYS2/ucrt64/bin/../lib/gcc/arm-none-eabi/13.3.0/../../../../arm-none-eabi/lib/thumb/v7e-m+fp/hard\libg_nano.a(libc_a-mlock.o)
 .ARM.attributes
                0x00000a7f       0x34 D:/Dev.i4N/MSYS2/ucrt64/bin/../lib/gcc/arm-none-eabi/13.3.0/../../../../arm-none-eabi/lib/thumb/v7e-m+fp/hard\libg_nano.a(libc_a-mprec.o)
 .ARM.attributes
                0x00000ab3       0x34 D:/Dev.i4N/MSYS2/ucrt64/bin/../lib/gcc/arm-none-eabi/13.3.0/../../../../arm-none-eabi/lib/thumb/v7e-m+fp/hard\libg_nano.a(libc_a-fflush.o)
 .ARM.attributes
                0x00000ae7       0x34 D:/Dev.i4N/MSYS2/ucrt64/bin/../lib/gcc/arm-none-eabi/13.3.0/../../../../arm-none-eabi/lib/thumb/v7e-m+fp/hard\libg_nano.a(libc_a-locale.o)
 .ARM.attributes
                0x00000b1b       0x34 D:/Dev.i4N/MSYS2/ucrt64/bin/../lib/gcc/arm-none-eabi/13.3.0/../../../../arm-none-eabi/lib/thumb/v7e-m+fp/hard\libg_nano.a(libc_a-sbrkr.o)
 .ARM.attributes
                0x00000b4f       0x20 D:/Dev.i4N/MSYS2/ucrt64/bin/../lib/gcc/arm-none-eabi/13.3.0/../../../../arm-none-eabi/lib/thumb/v7e-m+fp/hard\libg_nano.a(libc_a-memcpy.o)
 .ARM.attributes
                0x00000b6f       0x34 D:/Dev.i4N/MSYS2/ucrt64/bin/../lib/gcc/arm-none-eabi/13.3.0/../../../../arm-none-eabi/lib/thumb/v7e-m+fp/hard\libg_nano.a(libc_a-assert.o)
 .ARM.attributes
                0x00000ba3       0x34 D:/Dev.i4N/MSYS2/ucrt64/bin/../lib/gcc/arm-none-eabi/13.3.0/../../../../arm-none-eabi/lib/thumb/v7e-m+fp/hard\libg_nano.a(libc_a-callocr.o)
 .ARM.attributes
                0x00000bd7       0x34 D:/Dev.i4N/MSYS2/ucrt64/bin/../lib/gcc/arm-none-eabi/13.3.0/../../../../arm-none-eabi/lib/thumb/v7e-m+fp/hard\libg_nano.a(libc_a-mbtowc_r.o)
 .ARM.attributes
                0x00000c0b       0x34 D:/Dev.i4N/MSYS2/ucrt64/bin/../lib/gcc/arm-none-eabi/13.3.0/../../../../arm-none-eabi/lib/thumb/v7e-m+fp/hard\libg_nano.a(libc_a-wctomb_r.o)
 .ARM.attributes
                0x00000c3f       0x34 D:/Dev.i4N/MSYS2/ucrt64/bin/../lib/gcc/arm-none-eabi/13.3.0/../../../../arm-none-eabi/lib/thumb/v7e-m+fp/hard\libg_nano.a(libc_a-ctype_.o)
 .ARM.attributes
                0x00000c73       0x34 D:/Dev.i4N/MSYS2/ucrt64/bin/../lib/gcc/arm-none-eabi/13.3.0/../../../../arm-none-eabi/lib/thumb/v7e-m+fp/hard\libg_nano.a(libc_a-fprintf.o)
 .ARM.attributes
                0x00000ca7       0x34 D:/Dev.i4N/MSYS2/ucrt64/bin/../lib/gcc/arm-none-eabi/13.3.0/../../../../arm-none-eabi/lib/thumb/v7e-m+fp/hard\libg_nano.a(libc_a-abort.o)
 .ARM.attributes
                0x00000cdb       0x34 D:/Dev.i4N/MSYS2/ucrt64/bin/../lib/gcc/arm-none-eabi/13.3.0/../../../../arm-none-eabi/lib/thumb/v7e-m+fp/hard\libg_nano.a(libc_a-nano-vfprintf.o)
 .ARM.attributes
                0x00000d0f       0x34 D:/Dev.i4N/MSYS2/ucrt64/bin/../lib/gcc/arm-none-eabi/13.3.0/../../../../arm-none-eabi/lib/thumb/v7e-m+fp/hard\libg_nano.a(libc_a-fvwrite.o)
 .ARM.attributes
                0x00000d43       0x34 D:/Dev.i4N/MSYS2/ucrt64/bin/../lib/gcc/arm-none-eabi/13.3.0/../../../../arm-none-eabi/lib/thumb/v7e-m+fp/hard\libg_nano.a(libc_a-wbuf.o)
 .ARM.attributes
                0x00000d77       0x34 D:/Dev.i4N/MSYS2/ucrt64/bin/../lib/gcc/arm-none-eabi/13.3.0/../../../../arm-none-eabi/lib/thumb/v7e-m+fp/hard\libg_nano.a(libc_a-wsetup.o)
 .ARM.attributes
                0x00000dab       0x34 D:/Dev.i4N/MSYS2/ucrt64/bin/../lib/gcc/arm-none-eabi/13.3.0/../../../../arm-none-eabi/lib/thumb/v7e-m+fp/hard\libg_nano.a(libc_a-memmove.o)
 .ARM.attributes
                0x00000ddf       0x34 D:/Dev.i4N/MSYS2/ucrt64/bin/../lib/gcc/arm-none-eabi/13.3.0/../../../../arm-none-eabi/lib/thumb/v7e-m+fp/hard\libg_nano.a(libc_a-signal.o)
 .ARM.attributes
                0x00000e13       0x34 D:/Dev.i4N/MSYS2/ucrt64/bin/../lib/gcc/arm-none-eabi/13.3.0/../../../../arm-none-eabi/lib/thumb/v7e-m+fp/hard\libg_nano.a(libc_a-signalr.o)
 .ARM.attributes
                0x00000e47       0x34 D:/Dev.i4N/MSYS2/ucrt64/bin/../lib/gcc/arm-none-eabi/13.3.0/../../../../arm-none-eabi/lib/thumb/v7e-m+fp/hard\libg_nano.a(libc_a-reallocr.o)
 .ARM.attributes
                0x00000e7b       0x34 D:/Dev.i4N/MSYS2/ucrt64/bin/../lib/gcc/arm-none-eabi/13.3.0/../../../../arm-none-eabi/lib/thumb/v7e-m+fp/hard\libg_nano.a(libc_a-makebuf.o)
 .ARM.attributes
                0x00000eaf       0x34 D:/Dev.i4N/MSYS2/ucrt64/bin/../lib/gcc/arm-none-eabi/13.3.0/../../../../arm-none-eabi/lib/thumb/v7e-m+fp/hard\libg_nano.a(libc_a-fstatr.o)
 .ARM.attributes
                0x00000ee3       0x34 D:/Dev.i4N/MSYS2/ucrt64/bin/../lib/gcc/arm-none-eabi/13.3.0/../../../../arm-none-eabi/lib/thumb/v7e-m+fp/hard\libg_nano.a(libc_a-isattyr.o)
 .ARM.attributes
                0x00000f17       0x34 D:/Dev.i4N/MSYS2/ucrt64/bin/../lib/gcc/arm-none-eabi/13.3.0/../../../../arm-none-eabi/lib/thumb/v7e-m+fp/hard\libg_nano.a(libc_a-msizer.o)
 .ARM.attributes
                0x00000f4b       0x22 D:/Dev.i4N/MSYS2/ucrt64/bin/../lib/gcc/arm-none-eabi/13.3.0/thumb/v7e-m+fp/hard\libgcc.a(_arm_addsubdf3.o)
 .ARM.attributes
                0x00000f6d       0x22 D:/Dev.i4N/MSYS2/ucrt64/bin/../lib/gcc/arm-none-eabi/13.3.0/thumb/v7e-m+fp/hard\libgcc.a(_arm_muldivdf3.o)
 .ARM.attributes
                0x00000f8f       0x22 D:/Dev.i4N/MSYS2/ucrt64/bin/../lib/gcc/arm-none-eabi/13.3.0/thumb/v7e-m+fp/hard\libgcc.a(_arm_cmpdf2.o)
 .ARM.attributes
                0x00000fb1       0x22 D:/Dev.i4N/MSYS2/ucrt64/bin/../lib/gcc/arm-none-eabi/13.3.0/thumb/v7e-m+fp/hard\libgcc.a(_arm_unorddf2.o)
 .ARM.attributes
                0x00000fd3       0x22 D:/Dev.i4N/MSYS2/ucrt64/bin/../lib/gcc/arm-none-eabi/13.3.0/thumb/v7e-m+fp/hard\libgcc.a(_arm_fixdfsi.o)
 .ARM.attributes
                0x00000ff5       0x22 D:/Dev.i4N/MSYS2/ucrt64/bin/../lib/gcc/arm-none-eabi/13.3.0/thumb/v7e-m+fp/hard/crtn.o

.comment        0x00000000       0x12
 .comment       0x00000000       0x12 cmake/stm32cubemx/CMakeFiles/STM32_Drivers.dir/__/__/Core/Src/system_stm32f4xx.c.obj
                                 0x13 (size before relaxing)
 .comment       0x00000012        0x0 cmake/stm32cubemx/CMakeFiles/STM32_Drivers.dir/__/__/Drivers/STM32F4xx_HAL_Driver/Src/stm32f4xx_hal_i2c.c.obj
                                 0x13 (size before relaxing)
 .comment       0x00000012        0x0 cmake/stm32cubemx/CMakeFiles/STM32_Drivers.dir/__/__/Drivers/STM32F4xx_HAL_Driver/Src/stm32f4xx_hal_rcc.c.obj
                                 0x13 (size before relaxing)
 .comment       0x00000012        0x0 cmake/stm32cubemx/CMakeFiles/STM32_Drivers.dir/__/__/Drivers/STM32F4xx_HAL_Driver/Src/stm32f4xx_hal_gpio.c.obj
                                 0x13 (size before relaxing)
 .comment       0x00000012        0x0 cmake/stm32cubemx/CMakeFiles/STM32_Drivers.dir/__/__/Drivers/STM32F4xx_HAL_Driver/Src/stm32f4xx_hal_dma.c.obj
                                 0x13 (size before relaxing)
 .comment       0x00000012        0x0 cmake/stm32cubemx/CMakeFiles/STM32_Drivers.dir/__/__/Drivers/STM32F4xx_HAL_Driver/Src/stm32f4xx_hal_cortex.c.obj
                                 0x13 (size before relaxing)
 .comment       0x00000012        0x0 cmake/stm32cubemx/CMakeFiles/STM32_Drivers.dir/__/__/Drivers/STM32F4xx_HAL_Driver/Src/stm32f4xx_hal.c.obj
                                 0x13 (size before relaxing)
 .comment       0x00000012        0x0 cmake/stm32cubemx/CMakeFiles/STM32_Drivers.dir/__/__/Drivers/STM32F4xx_HAL_Driver/Src/stm32f4xx_hal_spi.c.obj
                                 0x13 (size before relaxing)
 .comment       0x00000012        0x0 cmake/stm32cubemx/CMakeFiles/STM32_Drivers.dir/__/__/Drivers/STM32F4xx_HAL_Driver/Src/stm32f4xx_hal_tim.c.obj
                                 0x13 (size before relaxing)
 .comment       0x00000012        0x0 cmake/stm32cubemx/CMakeFiles/STM32_Drivers.dir/__/__/Drivers/STM32F4xx_HAL_Driver/Src/stm32f4xx_hal_tim_ex.c.obj
                                 0x13 (size before relaxing)
 .comment       0x00000012        0x0 cmake/stm32cubemx/CMakeFiles/STM32_Drivers.dir/__/__/Drivers/STM32F4xx_HAL_Driver/Src/stm32f4xx_hal_uart.c.obj
                                 0x13 (size before relaxing)
 .comment       0x00000012        0x0 CMakeFiles/HAL-DDC-F411CEU6.dir/Hardware.i4N/HAL-DDC-CORE/TIMER.cpp.obj
                                 0x13 (size before relaxing)
 .comment       0x00000012        0x0 CMakeFiles/HAL-DDC-F411CEU6.dir/System.i4N/cppmain.cpp.obj
                                 0x13 (size before relaxing)
 .comment       0x00000012        0x0 CMakeFiles/HAL-DDC-F411CEU6.dir/System.i4N/interrupt.cpp.obj
                                 0x13 (size before relaxing)
 .comment       0x00000012        0x0 CMakeFiles/HAL-DDC-F411CEU6.dir/Core/Src/main.c.obj
                                 0x13 (size before relaxing)
 .comment       0x00000012        0x0 CMakeFiles/HAL-DDC-F411CEU6.dir/Core/Src/gpio.c.obj
                                 0x13 (size before relaxing)
 .comment       0x00000012        0x0 CMakeFiles/HAL-DDC-F411CEU6.dir/Core/Src/dma.c.obj
                                 0x13 (size before relaxing)
 .comment       0x00000012        0x0 CMakeFiles/HAL-DDC-F411CEU6.dir/Core/Src/i2c.c.obj
                                 0x13 (size before relaxing)
 .comment       0x00000012        0x0 CMakeFiles/HAL-DDC-F411CEU6.dir/Core/Src/spi.c.obj
                                 0x13 (size before relaxing)
 .comment       0x00000012        0x0 CMakeFiles/HAL-DDC-F411CEU6.dir/Core/Src/tim.c.obj
                                 0x13 (size before relaxing)
 .comment       0x00000012        0x0 CMakeFiles/HAL-DDC-F411CEU6.dir/Core/Src/usart.c.obj
                                 0x13 (size before relaxing)
 .comment       0x00000012        0x0 CMakeFiles/HAL-DDC-F411CEU6.dir/Core/Src/stm32f4xx_it.c.obj
                                 0x13 (size before relaxing)
 .comment       0x00000012        0x0 CMakeFiles/HAL-DDC-F411CEU6.dir/Core/Src/stm32f4xx_hal_msp.c.obj
                                 0x13 (size before relaxing)
 .comment       0x00000012        0x0 CMakeFiles/HAL-DDC-F411CEU6.dir/Core/Src/sysmem.c.obj
                                 0x13 (size before relaxing)
 .comment       0x00000012        0x0 CMakeFiles/HAL-DDC-F411CEU6.dir/Core/Src/syscalls.c.obj
                                 0x13 (size before relaxing)
 .comment       0x00000012        0x0 D:/Dev.i4N/MSYS2/ucrt64/bin/../lib/gcc/arm-none-eabi/13.3.0/thumb/v7e-m+fp/hard\libgcc.a(_udivmoddi4.o)
                                 0x13 (size before relaxing)
 .comment       0x00000012        0x0 D:/Dev.i4N/MSYS2/ucrt64/bin/../lib/gcc/arm-none-eabi/13.3.0/../../../../arm-none-eabi/lib/thumb/v7e-m+fp/hard\libg_nano.a(libc_a-nano-vfprintf_float.o)
                                 0x13 (size before relaxing)
 .comment       0x00000012        0x0 D:/Dev.i4N/MSYS2/ucrt64/bin/../lib/gcc/arm-none-eabi/13.3.0/../../../../arm-none-eabi/lib/thumb/v7e-m+fp/hard\libg_nano.a(libc_a-nano-vfprintf_i.o)
                                 0x13 (size before relaxing)
 .comment       0x00000012        0x0 D:/Dev.i4N/MSYS2/ucrt64/bin/../lib/gcc/arm-none-eabi/13.3.0/../../../../arm-none-eabi/lib/thumb/v7e-m+fp/hard\libg_nano.a(libc_a-findfp.o)
                                 0x13 (size before relaxing)
 .comment       0x00000012        0x0 D:/Dev.i4N/MSYS2/ucrt64/bin/../lib/gcc/arm-none-eabi/13.3.0/../../../../arm-none-eabi/lib/thumb/v7e-m+fp/hard\libg_nano.a(libc_a-fwalk.o)
                                 0x13 (size before relaxing)
 .comment       0x00000012        0x0 D:/Dev.i4N/MSYS2/ucrt64/bin/../lib/gcc/arm-none-eabi/13.3.0/../../../../arm-none-eabi/lib/thumb/v7e-m+fp/hard\libg_nano.a(libc_a-stdio.o)
                                 0x13 (size before relaxing)
 .comment       0x00000012        0x0 D:/Dev.i4N/MSYS2/ucrt64/bin/../lib/gcc/arm-none-eabi/13.3.0/../../../../arm-none-eabi/lib/thumb/v7e-m+fp/hard\libg_nano.a(libc_a-memset.o)
                                 0x13 (size before relaxing)
 .comment       0x00000012        0x0 D:/Dev.i4N/MSYS2/ucrt64/bin/../lib/gcc/arm-none-eabi/13.3.0/../../../../arm-none-eabi/lib/thumb/v7e-m+fp/hard\libg_nano.a(libc_a-localeconv.o)
                                 0x13 (size before relaxing)
 .comment       0x00000012        0x0 D:/Dev.i4N/MSYS2/ucrt64/bin/../lib/gcc/arm-none-eabi/13.3.0/../../../../arm-none-eabi/lib/thumb/v7e-m+fp/hard\libg_nano.a(libc_a-closer.o)
                                 0x13 (size before relaxing)
 .comment       0x00000012        0x0 D:/Dev.i4N/MSYS2/ucrt64/bin/../lib/gcc/arm-none-eabi/13.3.0/../../../../arm-none-eabi/lib/thumb/v7e-m+fp/hard\libg_nano.a(libc_a-reent.o)
                                 0x13 (size before relaxing)
 .comment       0x00000012        0x0 D:/Dev.i4N/MSYS2/ucrt64/bin/../lib/gcc/arm-none-eabi/13.3.0/../../../../arm-none-eabi/lib/thumb/v7e-m+fp/hard\libg_nano.a(libc_a-impure.o)
                                 0x13 (size before relaxing)
 .comment       0x00000012        0x0 D:/Dev.i4N/MSYS2/ucrt64/bin/../lib/gcc/arm-none-eabi/13.3.0/../../../../arm-none-eabi/lib/thumb/v7e-m+fp/hard\libg_nano.a(libc_a-lseekr.o)
                                 0x13 (size before relaxing)
 .comment       0x00000012        0x0 D:/Dev.i4N/MSYS2/ucrt64/bin/../lib/gcc/arm-none-eabi/13.3.0/../../../../arm-none-eabi/lib/thumb/v7e-m+fp/hard\libg_nano.a(libc_a-readr.o)
                                 0x13 (size before relaxing)
 .comment       0x00000012        0x0 D:/Dev.i4N/MSYS2/ucrt64/bin/../lib/gcc/arm-none-eabi/13.3.0/../../../../arm-none-eabi/lib/thumb/v7e-m+fp/hard\libg_nano.a(libc_a-writer.o)
                                 0x13 (size before relaxing)
 .comment       0x00000012        0x0 D:/Dev.i4N/MSYS2/ucrt64/bin/../lib/gcc/arm-none-eabi/13.3.0/../../../../arm-none-eabi/lib/thumb/v7e-m+fp/hard\libg_nano.a(libc_a-errno.o)
                                 0x13 (size before relaxing)
 .comment       0x00000012        0x0 D:/Dev.i4N/MSYS2/ucrt64/bin/../lib/gcc/arm-none-eabi/13.3.0/../../../../arm-none-eabi/lib/thumb/v7e-m+fp/hard\libg_nano.a(libc_a-init.o)
                                 0x13 (size before relaxing)
 .comment       0x00000012        0x0 D:/Dev.i4N/MSYS2/ucrt64/bin/../lib/gcc/arm-none-eabi/13.3.0/../../../../arm-none-eabi/lib/thumb/v7e-m+fp/hard\libg_nano.a(libc_a-lock.o)
                                 0x13 (size before relaxing)
 .comment       0x00000012        0x0 D:/Dev.i4N/MSYS2/ucrt64/bin/../lib/gcc/arm-none-eabi/13.3.0/../../../../arm-none-eabi/lib/thumb/v7e-m+fp/hard\libg_nano.a(libc_a-dtoa.o)
                                 0x13 (size before relaxing)
 .comment       0x00000012        0x0 D:/Dev.i4N/MSYS2/ucrt64/bin/../lib/gcc/arm-none-eabi/13.3.0/../../../../arm-none-eabi/lib/thumb/v7e-m+fp/hard\libg_nano.a(libc_a-freer.o)
                                 0x13 (size before relaxing)
 .comment       0x00000012        0x0 D:/Dev.i4N/MSYS2/ucrt64/bin/../lib/gcc/arm-none-eabi/13.3.0/../../../../arm-none-eabi/lib/thumb/v7e-m+fp/hard\libg_nano.a(libc_a-malloc.o)
                                 0x13 (size before relaxing)
 .comment       0x00000012        0x0 D:/Dev.i4N/MSYS2/ucrt64/bin/../lib/gcc/arm-none-eabi/13.3.0/../../../../arm-none-eabi/lib/thumb/v7e-m+fp/hard\libg_nano.a(libc_a-mallocr.o)
                                 0x13 (size before relaxing)
 .comment       0x00000012        0x0 D:/Dev.i4N/MSYS2/ucrt64/bin/../lib/gcc/arm-none-eabi/13.3.0/../../../../arm-none-eabi/lib/thumb/v7e-m+fp/hard\libg_nano.a(libc_a-mlock.o)
                                 0x13 (size before relaxing)
 .comment       0x00000012        0x0 D:/Dev.i4N/MSYS2/ucrt64/bin/../lib/gcc/arm-none-eabi/13.3.0/../../../../arm-none-eabi/lib/thumb/v7e-m+fp/hard\libg_nano.a(libc_a-mprec.o)
                                 0x13 (size before relaxing)
 .comment       0x00000012        0x0 D:/Dev.i4N/MSYS2/ucrt64/bin/../lib/gcc/arm-none-eabi/13.3.0/../../../../arm-none-eabi/lib/thumb/v7e-m+fp/hard\libg_nano.a(libc_a-fflush.o)
                                 0x13 (size before relaxing)
 .comment       0x00000012        0x0 D:/Dev.i4N/MSYS2/ucrt64/bin/../lib/gcc/arm-none-eabi/13.3.0/../../../../arm-none-eabi/lib/thumb/v7e-m+fp/hard\libg_nano.a(libc_a-locale.o)
                                 0x13 (size before relaxing)
 .comment       0x00000012        0x0 D:/Dev.i4N/MSYS2/ucrt64/bin/../lib/gcc/arm-none-eabi/13.3.0/../../../../arm-none-eabi/lib/thumb/v7e-m+fp/hard\libg_nano.a(libc_a-sbrkr.o)
                                 0x13 (size before relaxing)
 .comment       0x00000012        0x0 D:/Dev.i4N/MSYS2/ucrt64/bin/../lib/gcc/arm-none-eabi/13.3.0/../../../../arm-none-eabi/lib/thumb/v7e-m+fp/hard\libg_nano.a(libc_a-assert.o)
                                 0x13 (size before relaxing)
 .comment       0x00000012        0x0 D:/Dev.i4N/MSYS2/ucrt64/bin/../lib/gcc/arm-none-eabi/13.3.0/../../../../arm-none-eabi/lib/thumb/v7e-m+fp/hard\libg_nano.a(libc_a-callocr.o)
                                 0x13 (size before relaxing)
 .comment       0x00000012        0x0 D:/Dev.i4N/MSYS2/ucrt64/bin/../lib/gcc/arm-none-eabi/13.3.0/../../../../arm-none-eabi/lib/thumb/v7e-m+fp/hard\libg_nano.a(libc_a-mbtowc_r.o)
                                 0x13 (size before relaxing)
 .comment       0x00000012        0x0 D:/Dev.i4N/MSYS2/ucrt64/bin/../lib/gcc/arm-none-eabi/13.3.0/../../../../arm-none-eabi/lib/thumb/v7e-m+fp/hard\libg_nano.a(libc_a-wctomb_r.o)
                                 0x13 (size before relaxing)
 .comment       0x00000012        0x0 D:/Dev.i4N/MSYS2/ucrt64/bin/../lib/gcc/arm-none-eabi/13.3.0/../../../../arm-none-eabi/lib/thumb/v7e-m+fp/hard\libg_nano.a(libc_a-ctype_.o)
                                 0x13 (size before relaxing)
 .comment       0x00000012        0x0 D:/Dev.i4N/MSYS2/ucrt64/bin/../lib/gcc/arm-none-eabi/13.3.0/../../../../arm-none-eabi/lib/thumb/v7e-m+fp/hard\libg_nano.a(libc_a-fprintf.o)
                                 0x13 (size before relaxing)
 .comment       0x00000012        0x0 D:/Dev.i4N/MSYS2/ucrt64/bin/../lib/gcc/arm-none-eabi/13.3.0/../../../../arm-none-eabi/lib/thumb/v7e-m+fp/hard\libg_nano.a(libc_a-abort.o)
                                 0x13 (size before relaxing)
 .comment       0x00000012        0x0 D:/Dev.i4N/MSYS2/ucrt64/bin/../lib/gcc/arm-none-eabi/13.3.0/../../../../arm-none-eabi/lib/thumb/v7e-m+fp/hard\libg_nano.a(libc_a-nano-vfprintf.o)
                                 0x13 (size before relaxing)
 .comment       0x00000012        0x0 D:/Dev.i4N/MSYS2/ucrt64/bin/../lib/gcc/arm-none-eabi/13.3.0/../../../../arm-none-eabi/lib/thumb/v7e-m+fp/hard\libg_nano.a(libc_a-fvwrite.o)
                                 0x13 (size before relaxing)
 .comment       0x00000012        0x0 D:/Dev.i4N/MSYS2/ucrt64/bin/../lib/gcc/arm-none-eabi/13.3.0/../../../../arm-none-eabi/lib/thumb/v7e-m+fp/hard\libg_nano.a(libc_a-wbuf.o)
                                 0x13 (size before relaxing)
 .comment       0x00000012        0x0 D:/Dev.i4N/MSYS2/ucrt64/bin/../lib/gcc/arm-none-eabi/13.3.0/../../../../arm-none-eabi/lib/thumb/v7e-m+fp/hard\libg_nano.a(libc_a-wsetup.o)
                                 0x13 (size before relaxing)
 .comment       0x00000012        0x0 D:/Dev.i4N/MSYS2/ucrt64/bin/../lib/gcc/arm-none-eabi/13.3.0/../../../../arm-none-eabi/lib/thumb/v7e-m+fp/hard\libg_nano.a(libc_a-memmove.o)
                                 0x13 (size before relaxing)
 .comment       0x00000012        0x0 D:/Dev.i4N/MSYS2/ucrt64/bin/../lib/gcc/arm-none-eabi/13.3.0/../../../../arm-none-eabi/lib/thumb/v7e-m+fp/hard\libg_nano.a(libc_a-signal.o)
                                 0x13 (size before relaxing)
 .comment       0x00000012        0x0 D:/Dev.i4N/MSYS2/ucrt64/bin/../lib/gcc/arm-none-eabi/13.3.0/../../../../arm-none-eabi/lib/thumb/v7e-m+fp/hard\libg_nano.a(libc_a-signalr.o)
                                 0x13 (size before relaxing)
 .comment       0x00000012        0x0 D:/Dev.i4N/MSYS2/ucrt64/bin/../lib/gcc/arm-none-eabi/13.3.0/../../../../arm-none-eabi/lib/thumb/v7e-m+fp/hard\libg_nano.a(libc_a-reallocr.o)
                                 0x13 (size before relaxing)
 .comment       0x00000012        0x0 D:/Dev.i4N/MSYS2/ucrt64/bin/../lib/gcc/arm-none-eabi/13.3.0/../../../../arm-none-eabi/lib/thumb/v7e-m+fp/hard\libg_nano.a(libc_a-makebuf.o)
                                 0x13 (size before relaxing)
 .comment       0x00000012        0x0 D:/Dev.i4N/MSYS2/ucrt64/bin/../lib/gcc/arm-none-eabi/13.3.0/../../../../arm-none-eabi/lib/thumb/v7e-m+fp/hard\libg_nano.a(libc_a-fstatr.o)
                                 0x13 (size before relaxing)
 .comment       0x00000012        0x0 D:/Dev.i4N/MSYS2/ucrt64/bin/../lib/gcc/arm-none-eabi/13.3.0/../../../../arm-none-eabi/lib/thumb/v7e-m+fp/hard\libg_nano.a(libc_a-isattyr.o)
                                 0x13 (size before relaxing)
 .comment       0x00000012        0x0 D:/Dev.i4N/MSYS2/ucrt64/bin/../lib/gcc/arm-none-eabi/13.3.0/../../../../arm-none-eabi/lib/thumb/v7e-m+fp/hard\libg_nano.a(libc_a-msizer.o)
                                 0x13 (size before relaxing)

.debug_info     0x00000000    0x2ff89
 .debug_info    0x00000000      0x53e cmake/stm32cubemx/CMakeFiles/STM32_Drivers.dir/__/__/Core/Src/system_stm32f4xx.c.obj
 .debug_info    0x0000053e     0x2426 cmake/stm32cubemx/CMakeFiles/STM32_Drivers.dir/__/__/Drivers/STM32F4xx_HAL_Driver/Src/stm32f4xx_hal_i2c.c.obj
 .debug_info    0x00002964      0x904 cmake/stm32cubemx/CMakeFiles/STM32_Drivers.dir/__/__/Drivers/STM32F4xx_HAL_Driver/Src/stm32f4xx_hal_rcc.c.obj
 .debug_info    0x00003268      0x6f9 cmake/stm32cubemx/CMakeFiles/STM32_Drivers.dir/__/__/Drivers/STM32F4xx_HAL_Driver/Src/stm32f4xx_hal_gpio.c.obj
 .debug_info    0x00003961      0x8e6 cmake/stm32cubemx/CMakeFiles/STM32_Drivers.dir/__/__/Drivers/STM32F4xx_HAL_Driver/Src/stm32f4xx_hal_dma.c.obj
 .debug_info    0x00004247      0xcfc cmake/stm32cubemx/CMakeFiles/STM32_Drivers.dir/__/__/Drivers/STM32F4xx_HAL_Driver/Src/stm32f4xx_hal_cortex.c.obj
 .debug_info    0x00004f43      0x8c4 cmake/stm32cubemx/CMakeFiles/STM32_Drivers.dir/__/__/Drivers/STM32F4xx_HAL_Driver/Src/stm32f4xx_hal.c.obj
 .debug_info    0x00005807     0x1530 cmake/stm32cubemx/CMakeFiles/STM32_Drivers.dir/__/__/Drivers/STM32F4xx_HAL_Driver/Src/stm32f4xx_hal_spi.c.obj
 .debug_info    0x00006d37     0x2996 cmake/stm32cubemx/CMakeFiles/STM32_Drivers.dir/__/__/Drivers/STM32F4xx_HAL_Driver/Src/stm32f4xx_hal_tim.c.obj
 .debug_info    0x000096cd     0x14d4 cmake/stm32cubemx/CMakeFiles/STM32_Drivers.dir/__/__/Drivers/STM32F4xx_HAL_Driver/Src/stm32f4xx_hal_tim_ex.c.obj
 .debug_info    0x0000aba1     0x2f56 cmake/stm32cubemx/CMakeFiles/STM32_Drivers.dir/__/__/Drivers/STM32F4xx_HAL_Driver/Src/stm32f4xx_hal_uart.c.obj
 .debug_info    0x0000daf7     0x1099 CMakeFiles/HAL-DDC-F411CEU6.dir/Hardware.i4N/HAL-DDC-CORE/TIMER.cpp.obj
 .debug_info    0x0000eb90     0x11ba CMakeFiles/HAL-DDC-F411CEU6.dir/System.i4N/cppmain.cpp.obj